Archive member included to satisfy reference by file (symbol)

c:/program files (x86)/gnu arm embedded toolchain/10 2021.10/bin/../lib/gcc/arm-none-eabi/10.3.1/../../../../arm-none-eabi/lib/thumb/v7e-m+fp/hard\libc_nano.a(lib_a-exit.o)
                              c:/program files (x86)/gnu arm embedded toolchain/10 2021.10/bin/../lib/gcc/arm-none-eabi/10.3.1/../../../../arm-none-eabi/lib/thumb/v7e-m+fp/hard/crt0.o (exit)
c:/program files (x86)/gnu arm embedded toolchain/10 2021.10/bin/../lib/gcc/arm-none-eabi/10.3.1/../../../../arm-none-eabi/lib/thumb/v7e-m+fp/hard\libc_nano.a(lib_a-impure.o)
                              c:/program files (x86)/gnu arm embedded toolchain/10 2021.10/bin/../lib/gcc/arm-none-eabi/10.3.1/../../../../arm-none-eabi/lib/thumb/v7e-m+fp/hard\libc_nano.a(lib_a-exit.o) (_global_impure_ptr)
c:/program files (x86)/gnu arm embedded toolchain/10 2021.10/bin/../lib/gcc/arm-none-eabi/10.3.1/../../../../arm-none-eabi/lib/thumb/v7e-m+fp/hard\libc_nano.a(lib_a-init.o)
                              c:/program files (x86)/gnu arm embedded toolchain/10 2021.10/bin/../lib/gcc/arm-none-eabi/10.3.1/../../../../arm-none-eabi/lib/thumb/v7e-m+fp/hard/crt0.o (__libc_init_array)
c:/program files (x86)/gnu arm embedded toolchain/10 2021.10/bin/../lib/gcc/arm-none-eabi/10.3.1/../../../../arm-none-eabi/lib/thumb/v7e-m+fp/hard\libc_nano.a(lib_a-memcpy-stub.o)
                              build/queue.o (memcpy)
c:/program files (x86)/gnu arm embedded toolchain/10 2021.10/bin/../lib/gcc/arm-none-eabi/10.3.1/../../../../arm-none-eabi/lib/thumb/v7e-m+fp/hard\libc_nano.a(lib_a-memset.o)
                              c:/program files (x86)/gnu arm embedded toolchain/10 2021.10/bin/../lib/gcc/arm-none-eabi/10.3.1/../../../../arm-none-eabi/lib/thumb/v7e-m+fp/hard/crt0.o (memset)
c:/program files (x86)/gnu arm embedded toolchain/10 2021.10/bin/../lib/gcc/arm-none-eabi/10.3.1/../../../../arm-none-eabi/lib/thumb/v7e-m+fp/hard\libc_nano.a(lib_a-strlen.o)
                              build/tasks.o (strlen)
c:/program files (x86)/gnu arm embedded toolchain/10 2021.10/bin/../lib/gcc/arm-none-eabi/10.3.1/../../../../arm-none-eabi/lib/thumb/v7e-m+fp/hard\libnosys.a(_exit.o)
                              c:/program files (x86)/gnu arm embedded toolchain/10 2021.10/bin/../lib/gcc/arm-none-eabi/10.3.1/../../../../arm-none-eabi/lib/thumb/v7e-m+fp/hard\libc_nano.a(lib_a-exit.o) (_exit)
c:/program files (x86)/gnu arm embedded toolchain/10 2021.10/bin/../lib/gcc/arm-none-eabi/10.3.1/thumb/v7e-m+fp/hard\libgcc.a(_aeabi_uldivmod.o)
                              build/stm32f4xx_hal_rcc.o (__aeabi_uldivmod)
c:/program files (x86)/gnu arm embedded toolchain/10 2021.10/bin/../lib/gcc/arm-none-eabi/10.3.1/thumb/v7e-m+fp/hard\libgcc.a(_udivmoddi4.o)
                              c:/program files (x86)/gnu arm embedded toolchain/10 2021.10/bin/../lib/gcc/arm-none-eabi/10.3.1/thumb/v7e-m+fp/hard\libgcc.a(_aeabi_uldivmod.o) (__udivmoddi4)
c:/program files (x86)/gnu arm embedded toolchain/10 2021.10/bin/../lib/gcc/arm-none-eabi/10.3.1/thumb/v7e-m+fp/hard\libgcc.a(_dvmd_tls.o)
                              c:/program files (x86)/gnu arm embedded toolchain/10 2021.10/bin/../lib/gcc/arm-none-eabi/10.3.1/thumb/v7e-m+fp/hard\libgcc.a(_aeabi_uldivmod.o) (__aeabi_ldiv0)

Discarded input sections

 .text          0x00000000        0x0 c:/program files (x86)/gnu arm embedded toolchain/10 2021.10/bin/../lib/gcc/arm-none-eabi/10.3.1/thumb/v7e-m+fp/hard/crti.o
 .data          0x00000000        0x0 c:/program files (x86)/gnu arm embedded toolchain/10 2021.10/bin/../lib/gcc/arm-none-eabi/10.3.1/thumb/v7e-m+fp/hard/crti.o
 .bss           0x00000000        0x0 c:/program files (x86)/gnu arm embedded toolchain/10 2021.10/bin/../lib/gcc/arm-none-eabi/10.3.1/thumb/v7e-m+fp/hard/crti.o
 .data          0x00000000        0x4 c:/program files (x86)/gnu arm embedded toolchain/10 2021.10/bin/../lib/gcc/arm-none-eabi/10.3.1/thumb/v7e-m+fp/hard/crtbegin.o
 .rodata        0x00000000       0x24 c:/program files (x86)/gnu arm embedded toolchain/10 2021.10/bin/../lib/gcc/arm-none-eabi/10.3.1/thumb/v7e-m+fp/hard/crtbegin.o
 .text          0x00000000       0x7c c:/program files (x86)/gnu arm embedded toolchain/10 2021.10/bin/../lib/gcc/arm-none-eabi/10.3.1/../../../../arm-none-eabi/lib/thumb/v7e-m+fp/hard/crt0.o
 .data          0x00000000        0x0 c:/program files (x86)/gnu arm embedded toolchain/10 2021.10/bin/../lib/gcc/arm-none-eabi/10.3.1/../../../../arm-none-eabi/lib/thumb/v7e-m+fp/hard/crt0.o
 .bss           0x00000000        0x0 c:/program files (x86)/gnu arm embedded toolchain/10 2021.10/bin/../lib/gcc/arm-none-eabi/10.3.1/../../../../arm-none-eabi/lib/thumb/v7e-m+fp/hard/crt0.o
 .ARM.extab     0x00000000        0x0 c:/program files (x86)/gnu arm embedded toolchain/10 2021.10/bin/../lib/gcc/arm-none-eabi/10.3.1/../../../../arm-none-eabi/lib/thumb/v7e-m+fp/hard/crt0.o
[...]
Memory Configuration

Name             Origin             Length             Attributes
RAM              0x20000000         0x00020000         xrw
CCMRAM           0x10000000         0x00010000         xrw
FLASH            0x08000000         0x00100000         xr
*default*        0x00000000         0xffffffff

Linker script and memory map

LOAD c:/program files (x86)/gnu arm embedded toolchain/10 2021.10/bin/../lib/gcc/arm-none-eabi/10.3.1/thumb/v7e-m+fp/hard/crti.o
LOAD c:/program files (x86)/gnu arm embedded toolchain/10 2021.10/bin/../lib/gcc/arm-none-eabi/10.3.1/thumb/v7e-m+fp/hard/crtbegin.o
LOAD c:/program files (x86)/gnu arm embedded toolchain/10 2021.10/bin/../lib/gcc/arm-none-eabi/10.3.1/../../../../arm-none-eabi/lib/thumb/v7e-m+fp/hard/crt0.o
LOAD build/main.o
LOAD build/gpio.o
LOAD build/freertos.o
LOAD build/can.o
LOAD build/dma.o
LOAD build/i2c.o
LOAD build/spi.o
LOAD build/tim.o
LOAD build/stm32f4xx_it.o
LOAD build/stm32f4xx_hal_msp.o
LOAD build/main.o
LOAD build/gpio.o
LOAD build/freertos.o
LOAD build/can.o
LOAD build/dma.o
LOAD build/i2c.o
LOAD build/spi.o
LOAD build/tim.o
LOAD build/init.o
LOAD build/stm32f4xx_it.o
LOAD build/stm32f4xx_hal_msp.o
LOAD build/stm32f4xx_hal_can.o
LOAD build/stm32f4xx_hal_rcc.o
LOAD build/stm32f4xx_hal_rcc_ex.o
LOAD build/stm32f4xx_hal_flash.o
LOAD build/stm32f4xx_hal_flash_ex.o
LOAD build/stm32f4xx_hal_flash_ramfunc.o
LOAD build/stm32f4xx_hal_gpio.o
LOAD build/stm32f4xx_hal_dma_ex.o
LOAD build/stm32f4xx_hal_dma.o
LOAD build/stm32f4xx_hal_pwr.o
LOAD build/stm32f4xx_hal_pwr_ex.o
LOAD build/stm32f4xx_hal_cortex.o
LOAD build/stm32f4xx_hal.o
LOAD build/stm32f4xx_hal_exti.o
LOAD build/stm32f4xx_hal_i2c.o
LOAD build/stm32f4xx_hal_i2c_ex.o
LOAD build/stm32f4xx_hal_spi.o
LOAD build/stm32f4xx_hal_tim.o
LOAD build/stm32f4xx_hal_tim_ex.o
LOAD build/system_stm32f4xx.o
LOAD build/croutine.o
LOAD build/event_groups.o
LOAD build/list.o
LOAD build/queue.o
LOAD build/stream_buffer.o
LOAD build/tasks.o
LOAD build/timers.o
LOAD build/cmsis_os2.o
LOAD build/heap_4.o
LOAD build/port.o
LOAD build/startup_stm32f407xx.o
LOAD c:/program files (x86)/gnu arm embedded toolchain/10 2021.10/bin/../lib/gcc/arm-none-eabi/10.3.1/../../../../arm-none-eabi/lib/thumb/v7e-m+fp/hard\libc_nano.a
LOAD c:/program files (x86)/gnu arm embedded toolchain/10 2021.10/bin/../lib/gcc/arm-none-eabi/10.3.1/../../../../arm-none-eabi/lib/thumb/v7e-m+fp/hard\libm.a
LOAD c:/program files (x86)/gnu arm embedded toolchain/10 2021.10/bin/../lib/gcc/arm-none-eabi/10.3.1/../../../../arm-none-eabi/lib/thumb/v7e-m+fp/hard\libnosys.a
START GROUP
LOAD c:/program files (x86)/gnu arm embedded toolchain/10 2021.10/bin/../lib/gcc/arm-none-eabi/10.3.1/thumb/v7e-m+fp/hard\libgcc.a
LOAD c:/program files (x86)/gnu arm embedded toolchain/10 2021.10/bin/../lib/gcc/arm-none-eabi/10.3.1/../../../../arm-none-eabi/lib/thumb/v7e-m+fp/hard\libc_nano.a
END GROUP
START GROUP
LOAD c:/program files (x86)/gnu arm embedded toolchain/10 2021.10/bin/../lib/gcc/arm-none-eabi/10.3.1/thumb/v7e-m+fp/hard\libgcc.a
LOAD c:/program files (x86)/gnu arm embedded toolchain/10 2021.10/bin/../lib/gcc/arm-none-eabi/10.3.1/../../../../arm-none-eabi/lib/thumb/v7e-m+fp/hard\libc_nano.a
END GROUP
LOAD c:/program files (x86)/gnu arm embedded toolchain/10 2021.10/bin/../lib/gcc/arm-none-eabi/10.3.1/thumb/v7e-m+fp/hard/crtend.o
LOAD c:/program files (x86)/gnu arm embedded toolchain/10 2021.10/bin/../lib/gcc/arm-none-eabi/10.3.1/thumb/v7e-m+fp/hard/crtn.o
                0x20020000                _estack = (ORIGIN (RAM) + LENGTH (RAM))
                0x00000200                _Min_Heap_Size = 0x200
                0x00000400                _Min_Stack_Size = 0x400

.isr_vector     0x08000000      0x188
                0x08000000                . = ALIGN (0x4)
 *(.isr_vector)
 .isr_vector    0x08000000      0x188 build/startup_stm32f407xx.o
                0x08000000                g_pfnVectors
                0x08000188                . = ALIGN (0x4)

.text           0x08000190     0x447c
                0x08000190                . = ALIGN (0x4)
 *(.text)
 .text          0x08000190       0x40 c:/program files (x86)/gnu arm embedded toolchain/10 2021.10/bin/../lib/gcc/arm-none-eabi/10.3.1/thumb/v7e-m+fp/hard/crtbegin.o
 .text          0x080001d0       0x30 c:/program files (x86)/gnu arm embedded toolchain/10 2021.10/bin/../lib/gcc/arm-none-eabi/10.3.1/thumb/v7e-m+fp/hard\libgcc.a(_aeabi_uldivmod.o)
                0x080001d0                __aeabi_uldivmod
 .text          0x08000200      0x2d0 c:/program files (x86)/gnu arm embedded toolchain/10 2021.10/bin/../lib/gcc/arm-none-eabi/10.3.1/thumb/v7e-m+fp/hard\libgcc.a(_udivmoddi4.o)
                0x08000200                __udivmoddi4
 .text          0x080004d0        0x4 c:/program files (x86)/gnu arm embedded toolchain/10 2021.10/bin/../lib/gcc/arm-none-eabi/10.3.1/thumb/v7e-m+fp/hard\libgcc.a(_dvmd_tls.o)
                0x080004d0                __aeabi_idiv0
                0x080004d0                __aeabi_ldiv0
 *(.text*)
 .text.Error_Handler
                0x080004d4        0x4 build/main.o
                0x080004d4                Error_Handler
 .text.SystemClock_Config
                0x080004d8       0xa8 build/main.o
                0x080004d8                SystemClock_Config
 .text.main     0x08000580       0x44 build/main.o
                0x08000580                main
 .text.MX_GPIO_Init
                0x080005c4      0x1ac build/gpio.o
                0x080005c4                MX_GPIO_Init
 .text.INS_task
                0x08000770        0xa build/freertos.o
                0x08000770                INS_task
 .text.comutask
                0x0800077a        0xa build/freertos.o
                0x0800077a                comutask
 .text.shoottask
                0x08000784        0xa build/freertos.o
                0x08000784                shoottask
 .text.devmoni  0x0800078e        0xa build/freertos.o
                0x0800078e                devmoni
 .text.infoupdate
                0x08000798        0xa build/freertos.o
                0x08000798                infoupdate
 *fill*         0x080007a2        0x2 
 .text.MX_FREERTOS_Init
                0x080007a4       0x88 build/freertos.o
                0x080007a4                MX_FREERTOS_Init
 .text.MX_CAN1_Init
                0x0800082c       0x40 build/can.o
                0x0800082c                MX_CAN1_Init
 .text.MX_CAN2_Init
                0x0800086c       0x40 build/can.o
                0x0800086c                MX_CAN2_Init
 .text.HAL_CAN_MspInit
                0x080008ac      0x120 build/can.o
                0x080008ac                HAL_CAN_MspInit
 .text.MX_DMA_Init
                0x080009cc       0x44 build/dma.o
                0x080009cc                MX_DMA_Init
 .text.MX_I2C3_Init
                0x08000a10       0x3c build/i2c.o
                0x08000a10                MX_I2C3_Init
 .text.HAL_I2C_MspInit
                0x08000a4c       0xb4 build/i2c.o
                0x08000a4c                HAL_I2C_MspInit
 .text.MX_SPI1_Init
                0x08000b00       0x44 build/spi.o
                0x08000b00                MX_SPI1_Init
 .text.HAL_SPI_MspInit
                0x08000b44      0x130 build/spi.o
                0x08000b44                HAL_SPI_MspInit
 .text.HAL_TIM_PWM_MspInit
                0x08000c74       0x54 build/tim.o
                0x08000c74                HAL_TIM_PWM_MspInit
 .text.HAL_TIM_Base_MspInit
                0x08000cc8       0x30 build/tim.o
                0x08000cc8                HAL_TIM_Base_MspInit
 .text.HAL_TIM_MspPostInit
                0x08000cf8       0xfc build/tim.o
                0x08000cf8                HAL_TIM_MspPostInit
 .text.MX_TIM1_Init
                0x08000df4       0xd0 build/tim.o
                0x08000df4                MX_TIM1_Init
 .text.MX_TIM8_Init
                0x08000ec4       0xbc build/tim.o
                0x08000ec4                MX_TIM8_Init
 .text.MX_TIM10_Init
                0x08000f80       0x74 build/tim.o
                0x08000f80                MX_TIM10_Init
 .text.NMI_Handler
                0x08000ff4        0x2 build/stm32f4xx_it.o
                0x08000ff4                NMI_Handler
 .text.HardFault_Handler
                0x08000ff6        0x2 build/stm32f4xx_it.o
                0x08000ff6                HardFault_Handler
 .text.MemManage_Handler
                0x08000ff8        0x2 build/stm32f4xx_it.o
                0x08000ff8                MemManage_Handler
 .text.BusFault_Handler
                0x08000ffa        0x2 build/stm32f4xx_it.o
                0x08000ffa                BusFault_Handler
 .text.UsageFault_Handler
                0x08000ffc        0x2 build/stm32f4xx_it.o
                0x08000ffc                UsageFault_Handler
 .text.DebugMon_Handler
                0x08000ffe        0x2 build/stm32f4xx_it.o
                0x08000ffe                DebugMon_Handler
 .text.SysTick_Handler
                0x08001000       0x16 build/stm32f4xx_it.o
                0x08001000                SysTick_Handler
 .text.EXTI0_IRQHandler
                0x08001016        0xa build/stm32f4xx_it.o
                0x08001016                EXTI0_IRQHandler
 .text.EXTI3_IRQHandler
                0x08001020        0xa build/stm32f4xx_it.o
                0x08001020                EXTI3_IRQHandler
 .text.EXTI4_IRQHandler
                0x0800102a        0xa build/stm32f4xx_it.o
                0x0800102a                EXTI4_IRQHandler
 .text.CAN1_RX0_IRQHandler
                0x08001034       0x10 build/stm32f4xx_it.o
                0x08001034                CAN1_RX0_IRQHandler
 .text.EXTI9_5_IRQHandler
                0x08001044        0xa build/stm32f4xx_it.o
                0x08001044                EXTI9_5_IRQHandler
 *fill*         0x0800104e        0x2 
 .text.CAN2_RX0_IRQHandler
                0x08001050       0x10 build/stm32f4xx_it.o
                0x08001050                CAN2_RX0_IRQHandler
 .text.HAL_MspInit
                0x08001060       0x44 build/stm32f4xx_hal_msp.o
                0x08001060                HAL_MspInit
 .text.chasmotinit
                0x080010a4       0x2c build/init.o
                0x080010a4                chasmotinit
 .text.devinit  0x080010d0       0x14 build/init.o
                0x080010d0                devinit
 .text.userinit
                0x080010e4        0xc build/init.o
                0x080010e4                userinit
 .text.HAL_CAN_Init
                0x080010f0      0x14c build/stm32f4xx_hal_can.o
                0x080010f0                HAL_CAN_Init
 .text.HAL_CAN_TxMailbox0CompleteCallback
                0x0800123c        0x2 build/stm32f4xx_hal_can.o
                0x0800123c                HAL_CAN_TxMailbox0CompleteCallback
 .text.HAL_CAN_TxMailbox1CompleteCallback
                0x0800123e        0x2 build/stm32f4xx_hal_can.o
                0x0800123e                HAL_CAN_TxMailbox1CompleteCallback
 .text.HAL_CAN_TxMailbox2CompleteCallback
                0x08001240        0x2 build/stm32f4xx_hal_can.o
                0x08001240                HAL_CAN_TxMailbox2CompleteCallback
 .text.HAL_CAN_TxMailbox0AbortCallback
                0x08001242        0x2 build/stm32f4xx_hal_can.o
                0x08001242                HAL_CAN_TxMailbox0AbortCallback
 .text.HAL_CAN_TxMailbox1AbortCallback
                0x08001244        0x2 build/stm32f4xx_hal_can.o
                0x08001244                HAL_CAN_TxMailbox1AbortCallback
 .text.HAL_CAN_TxMailbox2AbortCallback
                0x08001246        0x2 build/stm32f4xx_hal_can.o
                0x08001246                HAL_CAN_TxMailbox2AbortCallback
 .text.HAL_CAN_RxFifo0MsgPendingCallback
                0x08001248        0x2 build/stm32f4xx_hal_can.o
                0x08001248                HAL_CAN_RxFifo0MsgPendingCallback
 .text.HAL_CAN_RxFifo0FullCallback
                0x0800124a        0x2 build/stm32f4xx_hal_can.o
                0x0800124a                HAL_CAN_RxFifo0FullCallback
 .text.HAL_CAN_RxFifo1MsgPendingCallback
                0x0800124c        0x2 build/stm32f4xx_hal_can.o
                0x0800124c                HAL_CAN_RxFifo1MsgPendingCallback
 .text.HAL_CAN_RxFifo1FullCallback
                0x0800124e        0x2 build/stm32f4xx_hal_can.o
                0x0800124e                HAL_CAN_RxFifo1FullCallback
 .text.HAL_CAN_SleepCallback
                0x08001250        0x2 build/stm32f4xx_hal_can.o
                0x08001250                HAL_CAN_SleepCallback
 .text.HAL_CAN_WakeUpFromRxMsgCallback
                0x08001252        0x2 build/stm32f4xx_hal_can.o
                0x08001252                HAL_CAN_WakeUpFromRxMsgCallback
 .text.HAL_CAN_ErrorCallback
                0x08001254        0x2 build/stm32f4xx_hal_can.o
                0x08001254                HAL_CAN_ErrorCallback
 .text.HAL_CAN_IRQHandler
                0x08001256      0x24a build/stm32f4xx_hal_can.o
                0x08001256                HAL_CAN_IRQHandler
 .text.HAL_RCC_OscConfig
                0x080014a0      0x3f8 build/stm32f4xx_hal_rcc.o
                0x080014a0                HAL_RCC_OscConfig
 .text.HAL_RCC_GetSysClockFreq
                0x08001898       0xa4 build/stm32f4xx_hal_rcc.o
                0x08001898                HAL_RCC_GetSysClockFreq
 .text.HAL_RCC_ClockConfig
                0x0800193c      0x160 build/stm32f4xx_hal_rcc.o
                0x0800193c                HAL_RCC_ClockConfig
 .text.HAL_RCC_GetHCLKFreq
                0x08001a9c        0xc build/stm32f4xx_hal_rcc.o
                0x08001a9c                HAL_RCC_GetHCLKFreq
 .text.HAL_RCC_GetPCLK1Freq
                0x08001aa8       0x20 build/stm32f4xx_hal_rcc.o
                0x08001aa8                HAL_RCC_GetPCLK1Freq
 .text.HAL_GPIO_Init
                0x08001ac8      0x1e4 build/stm32f4xx_hal_gpio.o
                0x08001ac8                HAL_GPIO_Init
 .text.HAL_GPIO_WritePin
                0x08001cac        0xc build/stm32f4xx_hal_gpio.o
                0x08001cac                HAL_GPIO_WritePin
 .text.HAL_GPIO_EXTI_Callback
                0x08001cb8        0x2 build/stm32f4xx_hal_gpio.o
                0x08001cb8                HAL_GPIO_EXTI_Callback
 *fill*         0x08001cba        0x2 
 .text.HAL_GPIO_EXTI_IRQHandler
                0x08001cbc       0x1c build/stm32f4xx_hal_gpio.o
                0x08001cbc                HAL_GPIO_EXTI_IRQHandler
 .text.DMA_CalcBaseAndBitshift
                0x08001cd8       0x44 build/stm32f4xx_hal_dma.o
 .text.DMA_CheckFifoParam
                0x08001d1c       0x8e build/stm32f4xx_hal_dma.o
 *fill*         0x08001daa        0x2 
 .text.HAL_DMA_Init
                0x08001dac       0xcc build/stm32f4xx_hal_dma.o
                0x08001dac                HAL_DMA_Init
 .text.HAL_NVIC_SetPriorityGrouping
                0x08001e78       0x24 build/stm32f4xx_hal_cortex.o
                0x08001e78                HAL_NVIC_SetPriorityGrouping
 .text.HAL_NVIC_SetPriority
                0x08001e9c       0x70 build/stm32f4xx_hal_cortex.o
                0x08001e9c                HAL_NVIC_SetPriority
 .text.HAL_NVIC_EnableIRQ
                0x08001f0c       0x1c build/stm32f4xx_hal_cortex.o
                0x08001f0c                HAL_NVIC_EnableIRQ
 .text.HAL_SYSTICK_Config
                0x08001f28       0x28 build/stm32f4xx_hal_cortex.o
                0x08001f28                HAL_SYSTICK_Config
 .text.HAL_InitTick
                0x08001f50       0x4c build/stm32f4xx_hal.o
                0x08001f50                HAL_InitTick
 .text.HAL_Init
                0x08001f9c       0x34 build/stm32f4xx_hal.o
                0x08001f9c                HAL_Init
 .text.HAL_IncTick
                0x08001fd0       0x18 build/stm32f4xx_hal.o
                0x08001fd0                HAL_IncTick
 .text.HAL_GetTick
                0x08001fe8        0xc build/stm32f4xx_hal.o
                0x08001fe8                HAL_GetTick
 .text.HAL_I2C_Init
                0x08001ff4      0x1bc build/stm32f4xx_hal_i2c.o
                0x08001ff4                HAL_I2C_Init
 .text.HAL_SPI_Init
                0x080021b0       0xbe build/stm32f4xx_hal_spi.o
                0x080021b0                HAL_SPI_Init
 *fill*         0x0800226e        0x2 
 .text.TIM_OC1_SetConfig
                0x08002270       0x68 build/stm32f4xx_hal_tim.o
 .text.TIM_OC3_SetConfig
                0x080022d8       0x70 build/stm32f4xx_hal_tim.o
 .text.TIM_OC4_SetConfig
                0x08002348       0x50 build/stm32f4xx_hal_tim.o
 .text.TIM_Base_SetConfig
                0x08002398       0xc8 build/stm32f4xx_hal_tim.o
                0x08002398                TIM_Base_SetConfig
 .text.HAL_TIM_Base_Init
                0x08002460       0x58 build/stm32f4xx_hal_tim.o
                0x08002460                HAL_TIM_Base_Init
 .text.HAL_TIM_PWM_Init
                0x080024b8       0x58 build/stm32f4xx_hal_tim.o
                0x080024b8                HAL_TIM_PWM_Init
 .text.TIM_OC2_SetConfig
                0x08002510       0x70 build/stm32f4xx_hal_tim.o
                0x08002510                TIM_OC2_SetConfig
 .text.HAL_TIM_PWM_ConfigChannel
                0x08002580       0xdc build/stm32f4xx_hal_tim.o
                0x08002580                HAL_TIM_PWM_ConfigChannel
 .text.TIM_CCxChannelCmd
                0x0800265c       0x1e build/stm32f4xx_hal_tim.o
                0x0800265c                TIM_CCxChannelCmd
 *fill*         0x0800267a        0x2 
 .text.HAL_TIM_PWM_Start
                0x0800267c      0x104 build/stm32f4xx_hal_tim.o
                0x0800267c                HAL_TIM_PWM_Start
 .text.HAL_TIMEx_MasterConfigSynchronization
                0x08002780       0x8c build/stm32f4xx_hal_tim_ex.o
                0x08002780                HAL_TIMEx_MasterConfigSynchronization
 .text.HAL_TIMEx_ConfigBreakDeadTime
                0x0800280c       0x52 build/stm32f4xx_hal_tim_ex.o
                0x0800280c                HAL_TIMEx_ConfigBreakDeadTime
 *fill*         0x0800285e        0x2 
 .text.SystemInit
                0x08002860       0x14 build/system_stm32f4xx.o
                0x08002860                SystemInit
 .text.vListInitialise
                0x08002874       0x16 build/list.o
                0x08002874                vListInitialise
 .text.vListInitialiseItem
                0x0800288a        0x6 build/list.o
                0x0800288a                vListInitialiseItem
 .text.vListInsertEnd
                0x08002890       0x16 build/list.o
                0x08002890                vListInsertEnd
 .text.vListInsert
                0x080028a6       0x32 build/list.o
                0x080028a6                vListInsert
 .text.uxListRemove
                0x080028d8       0x26 build/list.o
                0x080028d8                uxListRemove
 .text.prvIsQueueFull
                0x080028fe       0x1e build/queue.o
 .text.prvIsQueueEmpty
                0x0800291c       0x1a build/queue.o
 .text.prvCopyDataToQueue
                0x08002936       0x76 build/queue.o
 .text.prvCopyDataFromQueue
                0x080029ac       0x24 build/queue.o
 .text.prvUnlockQueue
                0x080029d0       0x6e build/queue.o
 .text.xQueueGenericReset
                0x08002a3e       0x84 build/queue.o
                0x08002a3e                xQueueGenericReset
 .text.prvInitialiseNewQueue
                0x08002ac2       0x22 build/queue.o
 .text.xQueueGenericCreateStatic
                0x08002ae4       0x94 build/queue.o
                0x08002ae4                xQueueGenericCreateStatic
 .text.xQueueGenericSend
                0x08002b78      0x188 build/queue.o
                0x08002b78                xQueueGenericSend
 .text.xQueueGenericSendFromISR
                0x08002d00       0xce build/queue.o
                0x08002d00                xQueueGenericSendFromISR
 .text.xQueueReceive
                0x08002dce      0x15e build/queue.o
                0x08002dce                xQueueReceive
 .text.vQueueAddToRegistry
                0x08002f2c       0x28 build/queue.o
                0x08002f2c                vQueueAddToRegistry
 .text.vQueueWaitForMessageRestricted
                0x08002f54       0x52 build/queue.o
                0x08002f54                vQueueWaitForMessageRestricted
 *fill*         0x08002fa6        0x2 
 .text.prvResetNextTaskUnblockTime
                0x08002fa8       0x2c build/tasks.o
 .text.prvInitialiseNewTask
                0x08002fd4       0xac build/tasks.o
 .text.prvInitialiseTaskLists
                0x08003080       0x68 build/tasks.o
 .text.prvAddNewTaskToReadyList
                0x080030e8       0xac build/tasks.o
 .text.prvDeleteTCB
                0x08003194       0x38 build/tasks.o
 .text.prvCheckTasksWaitingTermination
                0x080031cc       0x4c build/tasks.o
 .text.prvIdleTask
                0x08003218       0x28 build/tasks.o
 .text.prvAddCurrentTaskToDelayedList
                0x08003240       0x84 build/tasks.o
 .text.xTaskCreateStatic
                0x080032c4       0x76 build/tasks.o
                0x080032c4                xTaskCreateStatic
 .text.xTaskCreate
                0x0800333a       0x68 build/tasks.o
                0x0800333a                xTaskCreate
 *fill*         0x080033a2        0x2 
 .text.vTaskStartScheduler
                0x080033a4       0x9c build/tasks.o
                0x080033a4                vTaskStartScheduler
 .text.vTaskSuspendAll
                0x08003440       0x10 build/tasks.o
                0x08003440                vTaskSuspendAll
 .text.xTaskGetTickCount
                0x08003450        0xc build/tasks.o
                0x08003450                xTaskGetTickCount
 .text.xTaskIncrementTick
                0x0800345c      0x118 build/tasks.o
                0x0800345c                xTaskIncrementTick
 .text.xTaskResumeAll
                0x08003574       0xf8 build/tasks.o
                0x08003574                xTaskResumeAll
 .text.vTaskDelay
                0x0800366c       0x4c build/tasks.o
                0x0800366c                vTaskDelay
 .text.vTaskSwitchContext
                0x080036b8       0x94 build/tasks.o
                0x080036b8                vTaskSwitchContext
 .text.vTaskPlaceOnEventList
                0x0800374c       0x30 build/tasks.o
                0x0800374c                vTaskPlaceOnEventList
 .text.vTaskPlaceOnEventListRestricted
                0x0800377c       0x38 build/tasks.o
                0x0800377c                vTaskPlaceOnEventListRestricted
 .text.xTaskRemoveFromEventList
                0x080037b4       0x8c build/tasks.o
                0x080037b4                xTaskRemoveFromEventList
 .text.vTaskInternalSetTimeOutState
                0x08003840       0x18 build/tasks.o
                0x08003840                vTaskInternalSetTimeOutState
 .text.xTaskCheckForTimeOut
                0x08003858       0xa0 build/tasks.o
                0x08003858                xTaskCheckForTimeOut
 .text.vTaskMissedYield
                0x080038f8        0xc build/tasks.o
                0x080038f8                vTaskMissedYield
 .text.xTaskGetSchedulerState
                0x08003904       0x20 build/tasks.o
                0x08003904                xTaskGetSchedulerState
 .text.xTaskPriorityDisinherit
                0x08003924       0x90 build/tasks.o
                0x08003924                xTaskPriorityDisinherit
 .text.prvGetNextExpireTime
                0x080039b4       0x20 build/timers.o
 .text.prvInsertTimerInActiveList
                0x080039d4       0x48 build/timers.o
 .text.prvCheckForValidListAndQueue
                0x08003a1c       0x70 build/timers.o
 .text.xTimerCreateTimerTask
                0x08003a8c       0x64 build/timers.o
                0x08003a8c                xTimerCreateTimerTask
 .text.xTimerGenericCommand
                0x08003af0       0x6c build/timers.o
                0x08003af0                xTimerGenericCommand
 .text.prvSwitchTimerLists
                0x08003b5c       0x7c build/timers.o
 .text.prvSampleTimeNow
                0x08003bd8       0x2c build/timers.o
 .text.prvProcessExpiredTimer
                0x08003c04       0x6c build/timers.o
 .text.prvProcessTimerOrBlockTask
                0x08003c70       0x74 build/timers.o
 .text.prvProcessReceivedCommands
                0x08003ce4      0x10c build/timers.o
 .text.prvTimerTask
                0x08003df0       0x16 build/timers.o
 *fill*         0x08003e06        0x2 
 .text.osKernelInitialize
                0x08003e08       0x24 build/cmsis_os2.o
                0x08003e08                osKernelInitialize
 .text.osKernelStart
                0x08003e2c       0x38 build/cmsis_os2.o
                0x08003e2c                osKernelStart
 .text.osThreadNew
                0x08003e64       0xbc build/cmsis_os2.o
                0x08003e64                osThreadNew
 .text.osDelay  0x08003f20       0x1c build/cmsis_os2.o
                0x08003f20                osDelay
 .text.vApplicationGetIdleTaskMemory
                0x08003f3c       0x18 build/cmsis_os2.o
                0x08003f3c                vApplicationGetIdleTaskMemory
 .text.vApplicationGetTimerTaskMemory
                0x08003f54       0x18 build/cmsis_os2.o
                0x08003f54                vApplicationGetTimerTaskMemory
 .text.prvHeapInit
                0x08003f6c       0x64 build/heap_4.o
 .text.prvInsertBlockIntoFreeList
                0x08003fd0       0x64 build/heap_4.o
 .text.pvPortMalloc
                0x08004034       0xfc build/heap_4.o
                0x08004034                pvPortMalloc
 .text.vPortFree
                0x08004130       0x7c build/heap_4.o
                0x08004130                vPortFree
 .text.prvTaskExitError
                0x080041ac       0x40 build/port.o
 .text.prvPortStartFirstTask
                0x080041ec       0x28 build/port.o
 .text.vPortEnableVFP
                0x08004214       0x14 build/port.o
 .text.pxPortInitialiseStack
                0x08004228       0x2c build/port.o
                0x08004228                pxPortInitialiseStack
 *fill*         0x08004254        0xc 
 .text.SVC_Handler
                0x08004260       0x24 build/port.o
                0x08004260                SVC_Handler
 .text.vPortEnterCritical
                0x08004284       0x44 build/port.o
                0x08004284                vPortEnterCritical
 .text.vPortExitCritical
                0x080042c8       0x2c build/port.o
                0x080042c8                vPortExitCritical
 *fill*         0x080042f4        0xc 
 .text.PendSV_Handler
                0x08004300       0x64 build/port.o
                0x08004300                PendSV_Handler
 .text.xPortSysTickHandler
                0x08004364       0x2c build/port.o
                0x08004364                xPortSysTickHandler
 .text.vPortSetupTimerInterrupt
                0x08004390       0x28 build/port.o
                0x08004390                vPortSetupTimerInterrupt
 .text.xPortStartScheduler
                0x080043b8      0x118 build/port.o
                0x080043b8                xPortStartScheduler
 .text.vPortValidateInterruptPriority
                0x080044d0       0x5c build/port.o
                0x080044d0                vPortValidateInterruptPriority
 .text.Reset_Handler
                0x0800452c       0x50 build/startup_stm32f407xx.o
                0x0800452c                Reset_Handler
 .text.Default_Handler
                0x0800457c        0x2 build/startup_stm32f407xx.o
                0x0800457c                RTC_Alarm_IRQHandler
                0x0800457c                HASH_RNG_IRQHandler
                0x0800457c                EXTI2_IRQHandler
                0x0800457c                TIM8_CC_IRQHandler
                0x0800457c                TIM1_CC_IRQHandler
                0x0800457c                DMA2_Stream5_IRQHandler
                0x0800457c                DMA1_Stream5_IRQHandler
                0x0800457c                PVD_IRQHandler
                0x0800457c                SDIO_IRQHandler
                0x0800457c                TAMP_STAMP_IRQHandler
                0x0800457c                CAN2_RX1_IRQHandler
                0x0800457c                TIM8_TRG_COM_TIM14_IRQHandler
                0x0800457c                TIM1_UP_TIM10_IRQHandler
                0x0800457c                TIM8_UP_TIM13_IRQHandler
                0x0800457c                I2C3_ER_IRQHandler
                0x0800457c                I2C2_EV_IRQHandler
                0x0800457c                DMA1_Stream2_IRQHandler
                0x0800457c                FPU_IRQHandler
                0x0800457c                OTG_HS_WKUP_IRQHandler
                0x0800457c                CAN2_SCE_IRQHandler
                0x0800457c                DMA2_Stream2_IRQHandler
                0x0800457c                SPI1_IRQHandler
                0x0800457c                TIM6_DAC_IRQHandler
                0x0800457c                TIM1_BRK_TIM9_IRQHandler
                0x0800457c                DCMI_IRQHandler
                0x0800457c                DMA2_Stream3_IRQHandler
                0x0800457c                USART6_IRQHandler
                0x0800457c                USART3_IRQHandler
                0x0800457c                CAN1_RX1_IRQHandler
                0x0800457c                UART5_IRQHandler
                0x0800457c                DMA2_Stream0_IRQHandler
                0x0800457c                TIM4_IRQHandler
                0x0800457c                I2C1_EV_IRQHandler
                0x0800457c                DMA1_Stream6_IRQHandler
                0x0800457c                DMA1_Stream1_IRQHandler
                0x0800457c                UART4_IRQHandler
                0x0800457c                TIM3_IRQHandler
                0x0800457c                RCC_IRQHandler
                0x0800457c                TIM8_BRK_TIM12_IRQHandler
                0x0800457c                Default_Handler
                0x0800457c                EXTI15_10_IRQHandler
                0x0800457c                ADC_IRQHandler
                0x0800457c                DMA1_Stream7_IRQHandler
                0x0800457c                TIM7_IRQHandler
                0x0800457c                CAN2_TX_IRQHandler
                0x0800457c                TIM5_IRQHandler
                0x0800457c                DMA2_Stream7_IRQHandler
                0x0800457c                I2C3_EV_IRQHandler
                0x0800457c                RTC_WKUP_IRQHandler
                0x0800457c                ETH_WKUP_IRQHandler
                0x0800457c                SPI2_IRQHandler
                0x0800457c                OTG_HS_EP1_IN_IRQHandler
                0x0800457c                DMA1_Stream0_IRQHandler
                0x0800457c                CAN1_TX_IRQHandler
                0x0800457c                FSMC_IRQHandler
                0x0800457c                ETH_IRQHandler
                0x0800457c                OTG_HS_EP1_OUT_IRQHandler
                0x0800457c                WWDG_IRQHandler
                0x0800457c                TIM2_IRQHandler
                0x0800457c                OTG_FS_WKUP_IRQHandler
                0x0800457c                TIM1_TRG_COM_TIM11_IRQHandler
                0x0800457c                OTG_HS_IRQHandler
                0x0800457c                EXTI1_IRQHandler
                0x0800457c                USART2_IRQHandler
                0x0800457c                I2C2_ER_IRQHandler
                0x0800457c                DMA2_Stream1_IRQHandler
                0x0800457c                CAN1_SCE_IRQHandler
                0x0800457c                FLASH_IRQHandler
                0x0800457c                DMA2_Stream4_IRQHandler
                0x0800457c                USART1_IRQHandler
                0x0800457c                OTG_FS_IRQHandler
                0x0800457c                SPI3_IRQHandler
                0x0800457c                DMA1_Stream4_IRQHandler
                0x0800457c                I2C1_ER_IRQHandler
                0x0800457c                DMA2_Stream6_IRQHandler
                0x0800457c                DMA1_Stream3_IRQHandler
 *fill*         0x0800457e        0x2 
 .text.__libc_init_array
                0x08004580       0x48 c:/program files (x86)/gnu arm embedded toolchain/10 2021.10/bin/../lib/gcc/arm-none-eabi/10.3.1/../../../../arm-none-eabi/lib/thumb/v7e-m+fp/hard\libc_nano.a(lib_a-init.o)
                0x08004580                __libc_init_array
 .text.memcpy   0x080045c8       0x1c c:/program files (x86)/gnu arm embedded toolchain/10 2021.10/bin/../lib/gcc/arm-none-eabi/10.3.1/../../../../arm-none-eabi/lib/thumb/v7e-m+fp/hard\libc_nano.a(lib_a-memcpy-stub.o)
                0x080045c8                memcpy
 .text.memset   0x080045e4       0x10 c:/program files (x86)/gnu arm embedded toolchain/10 2021.10/bin/../lib/gcc/arm-none-eabi/10.3.1/../../../../arm-none-eabi/lib/thumb/v7e-m+fp/hard\libc_nano.a(lib_a-memset.o)
                0x080045e4                memset
 *(.glue_7)
 .glue_7        0x080045f4        0x0 linker stubs
 *(.glue_7t)
 .glue_7t       0x080045f4        0x0 linker stubs
 *(.eh_frame)
 .eh_frame      0x080045f4        0x0 c:/program files (x86)/gnu arm embedded toolchain/10 2021.10/bin/../lib/gcc/arm-none-eabi/10.3.1/thumb/v7e-m+fp/hard/crtbegin.o
 *(.init)
 .init          0x080045f4        0x4 c:/program files (x86)/gnu arm embedded toolchain/10 2021.10/bin/../lib/gcc/arm-none-eabi/10.3.1/thumb/v7e-m+fp/hard/crti.o
                0x080045f4                _init
 .init          0x080045f8        0x8 c:/program files (x86)/gnu arm embedded toolchain/10 2021.10/bin/../lib/gcc/arm-none-eabi/10.3.1/thumb/v7e-m+fp/hard/crtn.o
 *(.fini)
 .fini          0x08004600        0x4 c:/program files (x86)/gnu arm embedded toolchain/10 2021.10/bin/../lib/gcc/arm-none-eabi/10.3.1/thumb/v7e-m+fp/hard/crti.o
                0x08004600                _fini
 .fini          0x08004604        0x8 c:/program files (x86)/gnu arm embedded toolchain/10 2021.10/bin/../lib/gcc/arm-none-eabi/10.3.1/thumb/v7e-m+fp/hard/crtn.o
                0x0800460c                . = ALIGN (0x4)
                0x0800460c                _etext = .

.vfp11_veneer   0x0800460c        0x0
 .vfp11_veneer  0x0800460c        0x0 linker stubs

.v4_bx          0x0800460c        0x0
 .v4_bx         0x0800460c        0x0 linker stubs

.iplt           0x0800460c        0x0
 .iplt          0x0800460c        0x0 c:/program files (x86)/gnu arm embedded toolchain/10 2021.10/bin/../lib/gcc/arm-none-eabi/10.3.1/thumb/v7e-m+fp/hard/crtbegin.o

.rodata         0x0800460c      0x134
                0x0800460c                . = ALIGN (0x4)
 *(.rodata)
 *(.rodata*)
 .rodata.str1.4
                0x0800460c       0x45 build/freertos.o
 *fill*         0x08004651        0x3 
 .rodata.INS_TASK_attributes
                0x08004654       0x24 build/freertos.o
                0x08004654                INS_TASK_attributes
 .rodata.Shoottask_attributes
                0x08004678       0x24 build/freertos.o
                0x08004678                Shoottask_attributes
 .rodata.communicatetask_attributes
                0x0800469c       0x24 build/freertos.o
                0x0800469c                communicatetask_attributes
 .rodata.devicemonitor_attributes
                0x080046c0       0x24 build/freertos.o
                0x080046c0                devicemonitor_attributes
 .rodata.infomationupdat_attributes
                0x080046e4       0x24 build/freertos.o
                0x080046e4                infomationupdat_attributes
 .rodata.flagBitshiftOffset.0
                0x08004708        0x8 build/stm32f4xx_hal_dma.o
 .rodata.AHBPrescTable
                0x08004710       0x10 build/system_stm32f4xx.o
                0x08004710                AHBPrescTable
 .rodata.APBPrescTable
                0x08004720        0x8 build/system_stm32f4xx.o
                0x08004720                APBPrescTable
 .rodata.vTaskStartScheduler.str1.4
                0x08004728        0x5 build/tasks.o
 *fill*         0x0800472d        0x3 
 .rodata.prvCheckForValidListAndQueue.str1.4
                0x08004730        0x5 build/timers.o
 *fill*         0x08004735        0x3 
 .rodata.xTimerCreateTimerTask.str1.4
                0x08004738        0x8 build/timers.o
                0x08004740                . = ALIGN (0x4)

.ARM.extab
 *(.ARM.extab* .gnu.linkonce.armextab.*)

.ARM            0x08004740        0x8
                0x08004740                __exidx_start = .
 *(.ARM.exidx*)
 .ARM.exidx     0x08004740        0x8 c:/program files (x86)/gnu arm embedded toolchain/10 2021.10/bin/../lib/gcc/arm-none-eabi/10.3.1/thumb/v7e-m+fp/hard\libgcc.a(_udivmoddi4.o)
                0x08004748                __exidx_end = .

.rel.dyn        0x08004748        0x0
 .rel.iplt      0x08004748        0x0 c:/program files (x86)/gnu arm embedded toolchain/10 2021.10/bin/../lib/gcc/arm-none-eabi/10.3.1/thumb/v7e-m+fp/hard/crtbegin.o

.preinit_array  0x08004748        0x0
                0x08004748                PROVIDE (__preinit_array_start = .)
 *(.preinit_array*)
                0x08004748                PROVIDE (__preinit_array_end = .)

.init_array     0x08004748        0x4
                0x08004748                PROVIDE (__init_array_start = .)
 *(SORT_BY_NAME(.init_array.*))
 *(.init_array*)
 .init_array    0x08004748        0x4 c:/program files (x86)/gnu arm embedded toolchain/10 2021.10/bin/../lib/gcc/arm-none-eabi/10.3.1/thumb/v7e-m+fp/hard/crtbegin.o
                0x0800474c                PROVIDE (__init_array_end = .)

.fini_array     0x0800474c        0x4
                [!provide]                PROVIDE (__fini_array_start = .)
 *(SORT_BY_NAME(.fini_array.*))
 *(.fini_array*)
 .fini_array    0x0800474c        0x4 c:/program files (x86)/gnu arm embedded toolchain/10 2021.10/bin/../lib/gcc/arm-none-eabi/10.3.1/thumb/v7e-m+fp/hard/crtbegin.o
                [!provide]                PROVIDE (__fini_array_end = .)
                0x08004750                _sidata = LOADADDR (.data)

.data           0x20000000       0x10 load address 0x08004750
                0x20000000                . = ALIGN (0x4)
                0x20000000                _sdata = .
 *(.data)
 *(.data*)
 .data.uwTickFreq
                0x20000000        0x1 build/stm32f4xx_hal.o
                0x20000000                uwTickFreq
 *fill*         0x20000001        0x3 
 .data.uwTickPrio
                0x20000004        0x4 build/stm32f4xx_hal.o
                0x20000004                uwTickPrio
 .data.SystemCoreClock
                0x20000008        0x4 build/system_stm32f4xx.o
                0x20000008                SystemCoreClock
 .data.uxCriticalNesting
                0x2000000c        0x4 build/port.o
                0x20000010                . = ALIGN (0x4)
                0x20000010                _edata = .
                0x08004760                _siccmram = LOADADDR (.ccmram)

.igot.plt       0x20000010        0x0 load address 0x08004760
 .igot.plt      0x20000010        0x0 c:/program files (x86)/gnu arm embedded toolchain/10 2021.10/bin/../lib/gcc/arm-none-eabi/10.3.1/thumb/v7e-m+fp/hard/crtbegin.o

.ccmram         0x10000000        0x0 load address 0x08004760
                0x10000000                . = ALIGN (0x4)
                0x10000000                _sccmram = .
 *(.ccmram)
 *(.ccmram*)
                0x10000000                . = ALIGN (0x4)
                0x10000000                _eccmram = .
                0x10000000                . = ALIGN (0x4)

.bss            0x20000010     0x4c1c
                0x20000010                _sbss = .
                0x20000010                __bss_start__ = _sbss
 *(.bss)
 .bss           0x20000010       0x1c c:/program files (x86)/gnu arm embedded toolchain/10 2021.10/bin/../lib/gcc/arm-none-eabi/10.3.1/thumb/v7e-m+fp/hard/crtbegin.o
 *(.bss*)
 .bss.INS_TASKHandle
                0x2000002c        0x4 build/freertos.o
                0x2000002c                INS_TASKHandle
 .bss.ShoottaskHandle
                0x20000030        0x4 build/freertos.o
                0x20000030                ShoottaskHandle
 .bss.communicatetaskHandle
                0x20000034        0x4 build/freertos.o
                0x20000034                communicatetaskHandle
 .bss.devicemonitorHandle
                0x20000038        0x4 build/freertos.o
                0x20000038                devicemonitorHandle
 .bss.infomationupdatHandle
                0x2000003c        0x4 build/freertos.o
                0x2000003c                infomationupdatHandle
 .bss.HAL_RCC_CAN1_CLK_ENABLED
                0x20000040        0x4 build/can.o
 .bss.hcan1     0x20000044       0x28 build/can.o
                0x20000044                hcan1
 .bss.hcan2     0x2000006c       0x28 build/can.o
                0x2000006c                hcan2
 .bss.hi2c3     0x20000094       0x54 build/i2c.o
                0x20000094                hi2c3
 .bss.hdma_spi1_rx
                0x200000e8       0x60 build/spi.o
                0x200000e8                hdma_spi1_rx
 .bss.hdma_spi1_tx
                0x20000148       0x60 build/spi.o
                0x20000148                hdma_spi1_tx
 .bss.hspi1     0x200001a8       0x58 build/spi.o
                0x200001a8                hspi1
 .bss.htim1     0x20000200       0x48 build/tim.o
                0x20000200                htim1
 .bss.htim10    0x20000248       0x48 build/tim.o
                0x20000248                htim10
 .bss.htim8     0x20000290       0x48 build/tim.o
                0x20000290                htim8
 .bss.uwTick    0x200002d8        0x4 build/stm32f4xx_hal.o
                0x200002d8                uwTick
 .bss.xQueueRegistry
                0x200002dc       0x40 build/queue.o
                0x200002dc                xQueueRegistry
 .bss.pxCurrentTCB
                0x2000031c        0x4 build/tasks.o
                0x2000031c                pxCurrentTCB
 .bss.pxDelayedTaskList
                0x20000320        0x4 build/tasks.o
 .bss.pxOverflowDelayedTaskList
                0x20000324        0x4 build/tasks.o
 .bss.pxReadyTasksLists
                0x20000328      0x460 build/tasks.o
 .bss.uxCurrentNumberOfTasks
                0x20000788        0x4 build/tasks.o
 .bss.uxDeletedTasksWaitingCleanUp
                0x2000078c        0x4 build/tasks.o
 .bss.uxSchedulerSuspended
                0x20000790        0x4 build/tasks.o
 .bss.uxTaskNumber
                0x20000794        0x4 build/tasks.o
 .bss.uxTopReadyPriority
                0x20000798        0x4 build/tasks.o
 .bss.xDelayedTaskList1
                0x2000079c       0x14 build/tasks.o
 .bss.xDelayedTaskList2
                0x200007b0       0x14 build/tasks.o
 .bss.xIdleTaskHandle
                0x200007c4        0x4 build/tasks.o
 .bss.xNextTaskUnblockTime
                0x200007c8        0x4 build/tasks.o
 .bss.xNumOfOverflows
                0x200007cc        0x4 build/tasks.o
 .bss.xPendedTicks
                0x200007d0        0x4 build/tasks.o
 .bss.xPendingReadyList
                0x200007d4       0x14 build/tasks.o
 .bss.xSchedulerRunning
                0x200007e8        0x4 build/tasks.o
 .bss.xSuspendedTaskList
                0x200007ec       0x14 build/tasks.o
 .bss.xTasksWaitingTermination
                0x20000800       0x14 build/tasks.o
 .bss.xTickCount
                0x20000814        0x4 build/tasks.o
 .bss.xYieldPending
                0x20000818        0x4 build/tasks.o
 .bss.pxCurrentTimerList
                0x2000081c        0x4 build/timers.o
 .bss.pxOverflowTimerList
                0x20000820        0x4 build/timers.o
 .bss.ucStaticTimerQueueStorage.1
                0x20000824       0xa0 build/timers.o
 .bss.xActiveTimerList1
                0x200008c4       0x14 build/timers.o
 .bss.xActiveTimerList2
                0x200008d8       0x14 build/timers.o
 .bss.xLastTime.2
                0x200008ec        0x4 build/timers.o
 .bss.xStaticTimerQueue.0
                0x200008f0       0x50 build/timers.o
 .bss.xTimerQueue
                0x20000940        0x4 build/timers.o
 .bss.xTimerTaskHandle
                0x20000944        0x4 build/timers.o
 .bss.Idle_Stack.2
                0x20000948      0x200 build/cmsis_os2.o
 .bss.Idle_TCB.3
                0x20000b48       0x5c build/cmsis_os2.o
 .bss.KernelState
                0x20000ba4        0x4 build/cmsis_os2.o
 .bss.Timer_Stack.0
                0x20000ba8      0x400 build/cmsis_os2.o
 .bss.Timer_TCB.1
                0x20000fa8       0x5c build/cmsis_os2.o
 .bss.pxEnd     0x20001004        0x4 build/heap_4.o
 .bss.ucHeap    0x20001008     0x3c00 build/heap_4.o
 .bss.xBlockAllocatedBit
                0x20004c08        0x4 build/heap_4.o
 .bss.xFreeBytesRemaining
                0x20004c0c        0x4 build/heap_4.o
 .bss.xMinimumEverFreeBytesRemaining
                0x20004c10        0x4 build/heap_4.o
 .bss.xNumberOfSuccessfulAllocations
                0x20004c14        0x4 build/heap_4.o
 .bss.xNumberOfSuccessfulFrees
                0x20004c18        0x4 build/heap_4.o
 .bss.xStart    0x20004c1c        0x8 build/heap_4.o
 .bss.ucMaxSysCallPriority
                0x20004c24        0x1 build/port.o
 *fill*         0x20004c25        0x3 
 .bss.ulMaxPRIGROUPValue
                0x20004c28        0x4 build/port.o
 *(COMMON)
                0x20004c2c                . = ALIGN (0x4)
                0x20004c2c                _ebss = .
                0x20004c2c                __bss_end__ = _ebss

._user_heap_stack
                0x20004c2c      0x604
                0x20004c30                . = ALIGN (0x8)
 *fill*         0x20004c2c        0x4 
                [!provide]                PROVIDE (end = .)
                [!provide]                PROVIDE (_end = .)
                0x20004e30                . = (. + _Min_Heap_Size)
 *fill*         0x20004c30      0x200 
                0x20005230                . = (. + _Min_Stack_Size)
 *fill*         0x20004e30      0x400 
                0x20005230                . = ALIGN (0x8)

/DISCARD/
 libc.a(*)
 libm.a(*)
 libgcc.a(*)

.ARM.attributes
                0x00000000       0x30
 *(.ARM.attributes)
 .ARM.attributes
                0x00000000       0x1e c:/program files (x86)/gnu arm embedded toolchain/10 2021.10/bin/../lib/gcc/arm-none-eabi/10.3.1/thumb/v7e-m+fp/hard/crti.o
 .ARM.attributes
                0x0000001e       0x34 c:/program files (x86)/gnu arm embedded toolchain/10 2021.10/bin/../lib/gcc/arm-none-eabi/10.3.1/thumb/v7e-m+fp/hard/crtbegin.o
 .ARM.attributes
                0x00000052       0x34 build/main.o
 .ARM.attributes
                0x00000086       0x34 build/gpio.o
 .ARM.attributes
                0x000000ba       0x34 build/freertos.o
 .ARM.attributes
                0x000000ee       0x34 build/can.o
 .ARM.attributes
                0x00000122       0x34 build/dma.o
 .ARM.attributes
                0x00000156       0x34 build/i2c.o
 .ARM.attributes
                0x0000018a       0x34 build/spi.o
 .ARM.attributes
                0x000001be       0x34 build/tim.o
 .ARM.attributes
                0x000001f2       0x34 build/stm32f4xx_it.o
 .ARM.attributes
                0x00000226       0x34 build/stm32f4xx_hal_msp.o
 .ARM.attributes
                0x0000025a       0x34 build/init.o
 .ARM.attributes
                0x0000028e       0x34 build/stm32f4xx_hal_can.o
 .ARM.attributes
                0x000002c2       0x34 build/stm32f4xx_hal_rcc.o
 .ARM.attributes
                0x000002f6       0x34 build/stm32f4xx_hal_gpio.o
 .ARM.attributes
                0x0000032a       0x34 build/stm32f4xx_hal_dma.o
 .ARM.attributes
                0x0000035e       0x34 build/stm32f4xx_hal_cortex.o
 .ARM.attributes
                0x00000392       0x34 build/stm32f4xx_hal.o
 .ARM.attributes
                0x000003c6       0x34 build/stm32f4xx_hal_i2c.o
 .ARM.attributes
                0x000003fa       0x34 build/stm32f4xx_hal_spi.o
 .ARM.attributes
                0x0000042e       0x34 build/stm32f4xx_hal_tim.o
 .ARM.attributes
                0x00000462       0x34 build/stm32f4xx_hal_tim_ex.o
 .ARM.attributes
                0x00000496       0x34 build/system_stm32f4xx.o
 .ARM.attributes
                0x000004ca       0x34 build/list.o
 .ARM.attributes
                0x000004fe       0x34 build/queue.o
 .ARM.attributes
                0x00000532       0x34 build/tasks.o
 .ARM.attributes
                0x00000566       0x34 build/timers.o
 .ARM.attributes
                0x0000059a       0x34 build/cmsis_os2.o
 .ARM.attributes
                0x000005ce       0x34 build/heap_4.o
 .ARM.attributes
                0x00000602       0x34 build/port.o
 .ARM.attributes
                0x00000636       0x21 build/startup_stm32f407xx.o
 .ARM.attributes
                0x00000657       0x34 c:/program files (x86)/gnu arm embedded toolchain/10 2021.10/bin/../lib/gcc/arm-none-eabi/10.3.1/../../../../arm-none-eabi/lib/thumb/v7e-m+fp/hard\libc_nano.a(lib_a-init.o)
 .ARM.attributes
                0x0000068b       0x34 c:/program files (x86)/gnu arm embedded toolchain/10 2021.10/bin/../lib/gcc/arm-none-eabi/10.3.1/../../../../arm-none-eabi/lib/thumb/v7e-m+fp/hard\libc_nano.a(lib_a-memcpy-stub.o)
 .ARM.attributes
                0x000006bf       0x34 c:/program files (x86)/gnu arm embedded toolchain/10 2021.10/bin/../lib/gcc/arm-none-eabi/10.3.1/../../../../arm-none-eabi/lib/thumb/v7e-m+fp/hard\libc_nano.a(lib_a-memset.o)
 .ARM.attributes
                0x000006f3       0x1e c:/program files (x86)/gnu arm embedded toolchain/10 2021.10/bin/../lib/gcc/arm-none-eabi/10.3.1/thumb/v7e-m+fp/hard\libgcc.a(_aeabi_uldivmod.o)
 .ARM.attributes
                0x00000711       0x34 c:/program files (x86)/gnu arm embedded toolchain/10 2021.10/bin/../lib/gcc/arm-none-eabi/10.3.1/thumb/v7e-m+fp/hard\libgcc.a(_udivmoddi4.o)
 .ARM.attributes
                0x00000745       0x1e c:/program files (x86)/gnu arm embedded toolchain/10 2021.10/bin/../lib/gcc/arm-none-eabi/10.3.1/thumb/v7e-m+fp/hard\libgcc.a(_dvmd_tls.o)
 .ARM.attributes
                0x00000763       0x1e c:/program files (x86)/gnu arm embedded toolchain/10 2021.10/bin/../lib/gcc/arm-none-eabi/10.3.1/thumb/v7e-m+fp/hard/crtn.o
OUTPUT(build/gimbctrl.elf elf32-littlearm)
LOAD linker stubs
LOAD c:/program files (x86)/gnu arm embedded toolchain/10 2021.10/bin/../lib/gcc/arm-none-eabi/10.3.1/../../../../arm-none-eabi/lib/thumb/v7e-m+fp/hard\libc.a
LOAD c:/program files (x86)/gnu arm embedded toolchain/10 2021.10/bin/../lib/gcc/arm-none-eabi/10.3.1/../../../../arm-none-eabi/lib/thumb/v7e-m+fp/hard\libm.a
LOAD c:/program files (x86)/gnu arm embedded toolchain/10 2021.10/bin/../lib/gcc/arm-none-eabi/10.3.1/thumb/v7e-m+fp/hard\libgcc.a

.debug_info     0x00000000    0x250c1
 .debug_info    0x00000000      0x737 build/main.o
 .debug_info    0x00000737      0x93a build/gpio.o
 .debug_info    0x00001071      0x5af build/freertos.o
 .debug_info    0x00001620      0xdaa build/can.o
 .debug_info    0x000023ca      0x590 build/dma.o
 .debug_info    0x0000295a      0xba5 build/i2c.o
 .debug_info    0x000034ff      0xc20 build/spi.o
 .debug_info    0x0000411f     0x11b5 build/tim.o
 .debug_info    0x000052d4      0x71e build/stm32f4xx_it.o
 .debug_info    0x000059f2      0x556 build/stm32f4xx_hal_msp.o
 .debug_info    0x00005f48      0xb01 build/init.o
 .debug_info    0x00006a49     0x1395 build/stm32f4xx_hal_can.o
 .debug_info    0x00007dde      0xbe6 build/stm32f4xx_hal_rcc.o
 .debug_info    0x000089c4      0x848 build/stm32f4xx_hal_gpio.o
 .debug_info    0x0000920c      0xbd1 build/stm32f4xx_hal_dma.o
 .debug_info    0x00009ddd     0x1174 build/stm32f4xx_hal_cortex.o
 .debug_info    0x0000af51      0xacf build/stm32f4xx_hal.o
 .debug_info    0x0000ba20     0x3b39 build/stm32f4xx_hal_i2c.o
 .debug_info    0x0000f559     0x2015 build/stm32f4xx_hal_spi.o
 .debug_info    0x0001156e     0x4061 build/stm32f4xx_hal_tim.o
 .debug_info    0x000155cf     0x1c6a build/stm32f4xx_hal_tim_ex.o
 .debug_info    0x00017239      0x5b3 build/system_stm32f4xx.o
 .debug_info    0x000177ec      0x30f build/list.o
 .debug_info    0x00017afb     0x2968 build/queue.o
 .debug_info    0x0001a463     0x3688 build/tasks.o
 .debug_info    0x0001daeb     0x1be3 build/timers.o
 .debug_info    0x0001f6ce     0x4def build/cmsis_os2.o
 .debug_info    0x000244bd      0x61a build/heap_4.o
 .debug_info    0x00024ad7      0x5c8 build/port.o
 .debug_info    0x0002509f       0x22 build/startup_stm32f407xx.o

.debug_abbrev   0x00000000     0x4394
 .debug_abbrev  0x00000000      0x1d8 build/main.o
 .debug_abbrev  0x000001d8      0x16e build/gpio.o
 .debug_abbrev  0x00000346      0x11b build/freertos.o
 .debug_abbrev  0x00000461      0x1d8 build/can.o
 .debug_abbrev  0x00000639      0x129 build/dma.o
 .debug_abbrev  0x00000762      0x1d7 build/i2c.o
 .debug_abbrev  0x00000939      0x1df build/spi.o
 .debug_abbrev  0x00000b18      0x254 build/tim.o
 .debug_abbrev  0x00000d6c      0x1aa build/stm32f4xx_it.o
 .debug_abbrev  0x00000f16      0x11c build/stm32f4xx_hal_msp.o
 .debug_abbrev  0x00001032      0x19c build/init.o
 .debug_abbrev  0x000011ce      0x282 build/stm32f4xx_hal_can.o
 .debug_abbrev  0x00001450      0x2aa build/stm32f4xx_hal_rcc.o
 .debug_abbrev  0x000016fa      0x22b build/stm32f4xx_hal_gpio.o
 .debug_abbrev  0x00001925      0x2ff build/stm32f4xx_hal_dma.o
 .debug_abbrev  0x00001c24      0x382 build/stm32f4xx_hal_cortex.o
 .debug_abbrev  0x00001fa6      0x209 build/stm32f4xx_hal.o
 .debug_abbrev  0x000021af      0x2f3 build/stm32f4xx_hal_i2c.o
 .debug_abbrev  0x000024a2      0x2a6 build/stm32f4xx_hal_spi.o
 .debug_abbrev  0x00002748      0x282 build/stm32f4xx_hal_tim.o
 .debug_abbrev  0x000029ca      0x298 build/stm32f4xx_hal_tim_ex.o
 .debug_abbrev  0x00002c62      0x11b build/system_stm32f4xx.o
 .debug_abbrev  0x00002d7d      0x124 build/list.o
 .debug_abbrev  0x00002ea1      0x3c4 build/queue.o
 .debug_abbrev  0x00003265      0x387 build/tasks.o
 .debug_abbrev  0x000035ec      0x366 build/timers.o
 .debug_abbrev  0x00003952      0x53d build/cmsis_os2.o
 .debug_abbrev  0x00003e8f      0x269 build/heap_4.o
 .debug_abbrev  0x000040f8      0x28a build/port.o
 .debug_abbrev  0x00004382       0x12 build/startup_stm32f407xx.o

.debug_loc      0x00000000    0x1f950
 .debug_loc     0x00000000       0x66 build/main.o
 .debug_loc     0x00000066       0x39 build/gpio.o
 .debug_loc     0x0000009f      0x179 build/freertos.o
 .debug_loc     0x00000218      0x16f build/can.o
 .debug_loc     0x00000387       0x38 build/dma.o
 .debug_loc     0x000003bf      0x10a build/i2c.o
 .debug_loc     0x000004c9       0xf7 build/spi.o
 .debug_loc     0x000005c0      0x1f6 build/tim.o
 .debug_loc     0x000007b6       0xe0 build/stm32f4xx_it.o
 .debug_loc     0x00000896       0x38 build/stm32f4xx_hal_msp.o
 .debug_loc     0x000008ce       0x60 build/init.o
 .debug_loc     0x0000092e      0xf4e build/stm32f4xx_hal_can.o
 .debug_loc     0x0000187c      0x6e4 build/stm32f4xx_hal_rcc.o
 .debug_loc     0x00001f60      0x5e8 build/stm32f4xx_hal_gpio.o
 .debug_loc     0x00002548      0xd6d build/stm32f4xx_hal_dma.o
 .debug_loc     0x000032b5      0x7a4 build/stm32f4xx_hal_cortex.o
 .debug_loc     0x00003a59      0x1e1 build/stm32f4xx_hal.o
 .debug_loc     0x00003c3a     0x4e42 build/stm32f4xx_hal_i2c.o
 .debug_loc     0x00008a7c     0x2501 build/stm32f4xx_hal_spi.o
 .debug_loc     0x0000af7d     0x5ba0 build/stm32f4xx_hal_tim.o
 .debug_loc     0x00010b1d     0x2137 build/stm32f4xx_hal_tim_ex.o
 .debug_loc     0x00012c54      0x158 build/system_stm32f4xx.o
 .debug_loc     0x00012dac       0xe5 build/list.o
 .debug_loc     0x00012e91     0x1fe4 build/queue.o
 .debug_loc     0x00014e75     0x3115 build/tasks.o
 .debug_loc     0x00017f8a     0x1586 build/timers.o
 .debug_loc     0x00019510     0x5d9c build/cmsis_os2.o
 .debug_loc     0x0001f2ac      0x4e4 build/heap_4.o
 .debug_loc     0x0001f790      0x1c0 build/port.o

.debug_aranges  0x00000000     0x18c8
 .debug_aranges
                0x00000000       0x30 build/main.o
 .debug_aranges
                0x00000030       0x20 build/gpio.o
 .debug_aranges
                0x00000050       0x48 build/freertos.o
 .debug_aranges
                0x00000098       0x38 build/can.o
 .debug_aranges
                0x000000d0       0x20 build/dma.o
 .debug_aranges
                0x000000f0       0x30 build/i2c.o
 .debug_aranges
                0x00000120       0x30 build/spi.o
 .debug_aranges
                0x00000150       0x58 build/tim.o
 .debug_aranges
                0x000001a8       0x80 build/stm32f4xx_it.o
 .debug_aranges
                0x00000228       0x20 build/stm32f4xx_hal_msp.o
 .debug_aranges
                0x00000248       0x30 build/init.o
 .debug_aranges
                0x00000278      0x138 build/stm32f4xx_hal_can.o
 .debug_aranges
                0x000003b0       0x88 build/stm32f4xx_hal_rcc.o
 .debug_aranges
                0x00000438       0x58 build/stm32f4xx_hal_gpio.o
 .debug_aranges
                0x00000490       0x90 build/stm32f4xx_hal_dma.o
 .debug_aranges
                0x00000520       0xa8 build/stm32f4xx_hal_cortex.o
 .debug_aranges
                0x000005c8       0xf0 build/stm32f4xx_hal.o
 .debug_aranges
                0x000006b8      0x2a0 build/stm32f4xx_hal_i2c.o
 .debug_aranges
                0x00000958      0x1d0 build/stm32f4xx_hal_spi.o
 .debug_aranges
                0x00000b28      0x3d0 build/stm32f4xx_hal_tim.o
 .debug_aranges
                0x00000ef8      0x168 build/stm32f4xx_hal_tim_ex.o
 .debug_aranges
                0x00001060       0x28 build/system_stm32f4xx.o
 .debug_aranges
                0x00001088       0x40 build/list.o
 .debug_aranges
                0x000010c8      0x158 build/queue.o
 .debug_aranges
                0x00001220      0x220 build/tasks.o
 .debug_aranges
                0x00001440       0xf0 build/timers.o
 .debug_aranges
                0x00001530      0x298 build/cmsis_os2.o
 .debug_aranges
                0x000017c8       0x58 build/heap_4.o
 .debug_aranges
                0x00001820       0x80 build/port.o
 .debug_aranges
                0x000018a0       0x28 build/startup_stm32f407xx.o

.debug_ranges   0x00000000     0x19e8
 .debug_ranges  0x00000000       0x20 build/main.o
 .debug_ranges  0x00000020       0x10 build/gpio.o
 .debug_ranges  0x00000030       0x38 build/freertos.o
 .debug_ranges  0x00000068       0x28 build/can.o
 .debug_ranges  0x00000090       0x10 build/dma.o
 .debug_ranges  0x000000a0       0x20 build/i2c.o
 .debug_ranges  0x000000c0       0x20 build/spi.o
 .debug_ranges  0x000000e0       0x48 build/tim.o
 .debug_ranges  0x00000128       0x70 build/stm32f4xx_it.o
 .debug_ranges  0x00000198       0x10 build/stm32f4xx_hal_msp.o
 .debug_ranges  0x000001a8       0x20 build/init.o
 .debug_ranges  0x000001c8      0x128 build/stm32f4xx_hal_can.o
 .debug_ranges  0x000002f0       0x90 build/stm32f4xx_hal_rcc.o
 .debug_ranges  0x00000380       0x48 build/stm32f4xx_hal_gpio.o
 .debug_ranges  0x000003c8       0x80 build/stm32f4xx_hal_dma.o
 .debug_ranges  0x00000448       0xf8 build/stm32f4xx_hal_cortex.o
 .debug_ranges  0x00000540       0xe0 build/stm32f4xx_hal.o
 .debug_ranges  0x00000620      0x2a8 build/stm32f4xx_hal_i2c.o
 .debug_ranges  0x000008c8      0x1c0 build/stm32f4xx_hal_spi.o
 .debug_ranges  0x00000a88      0x3c0 build/stm32f4xx_hal_tim.o
 .debug_ranges  0x00000e48      0x158 build/stm32f4xx_hal_tim_ex.o
 .debug_ranges  0x00000fa0       0x18 build/system_stm32f4xx.o
 .debug_ranges  0x00000fb8       0x30 build/list.o
 .debug_ranges  0x00000fe8      0x218 build/queue.o
 .debug_ranges  0x00001200      0x378 build/tasks.o
 .debug_ranges  0x00001578       0xe0 build/timers.o
 .debug_ranges  0x00001658      0x2a0 build/cmsis_os2.o
 .debug_ranges  0x000018f8       0x48 build/heap_4.o
 .debug_ranges  0x00001940       0x88 build/port.o
 .debug_ranges  0x000019c8       0x20 build/startup_stm32f407xx.o

.debug_line     0x00000000    0x1e19b
 .debug_line    0x00000000      0x3a1 build/main.o
 .debug_line    0x000003a1      0x281 build/gpio.o
 .debug_line    0x00000622      0x268 build/freertos.o
 .debug_line    0x0000088a      0x4d5 build/can.o
 .debug_line    0x00000d5f      0x194 build/dma.o
 .debug_line    0x00000ef3      0x30d build/i2c.o
 .debug_line    0x00001200      0x3eb build/spi.o
 .debug_line    0x000015eb      0x697 build/tim.o
 .debug_line    0x00001c82      0x3e9 build/stm32f4xx_it.o
 .debug_line    0x0000206b      0x1a5 build/stm32f4xx_hal_msp.o
 .debug_line    0x00002210      0x22a build/init.o
 .debug_line    0x0000243a     0x10f1 build/stm32f4xx_hal_can.o
 .debug_line    0x0000352b      0xb23 build/stm32f4xx_hal_rcc.o
 .debug_line    0x0000404e      0x6f5 build/stm32f4xx_hal_gpio.o
 .debug_line    0x00004743      0xe39 build/stm32f4xx_hal_dma.o
 .debug_line    0x0000557c      0x78c build/stm32f4xx_hal_cortex.o
 .debug_line    0x00005d08      0x579 build/stm32f4xx_hal.o
 .debug_line    0x00006281     0x5377 build/stm32f4xx_hal_i2c.o
 .debug_line    0x0000b5f8     0x24fd build/stm32f4xx_hal_spi.o
 .debug_line    0x0000daf5     0x4ab6 build/stm32f4xx_hal_tim.o
 .debug_line    0x000125ab     0x1cda build/stm32f4xx_hal_tim_ex.o
 .debug_line    0x00014285      0x25f build/system_stm32f4xx.o
 .debug_line    0x000144e4      0x36d build/list.o
 .debug_line    0x00014851     0x2068 build/queue.o
 .debug_line    0x000168b9     0x30ee build/tasks.o
 .debug_line    0x000199a7      0xf3e build/timers.o
 .debug_line    0x0001a8e5     0x29d7 build/cmsis_os2.o
 .debug_line    0x0001d2bc      0x750 build/heap_4.o
 .debug_line    0x0001da0c      0x719 build/port.o
 .debug_line    0x0001e125       0x76 build/startup_stm32f407xx.o

.debug_str      0x00000000     0x83e1
 .debug_str     0x00000000      0x4dd build/main.o
                                0x53a (size before relaxing)
 .debug_str     0x000004dd      0x5ca build/gpio.o
                                0x892 (size before relaxing)
 .debug_str     0x00000aa7      0x594 build/freertos.o
                                0x74e (size before relaxing)
 .debug_str     0x0000103b      0x2b9 build/can.o
                                0xb91 (size before relaxing)
 .debug_str     0x000012f4        0xa build/dma.o
                                0x7d3 (size before relaxing)
 .debug_str     0x000012fe      0x4a0 build/i2c.o
                                0x8a8 (size before relaxing)
 .debug_str     0x0000179e      0x227 build/spi.o
                                0x83b (size before relaxing)
 .debug_str     0x000019c5      0x50d build/tim.o
                                0xb53 (size before relaxing)
 .debug_str     0x00001ed2      0x159 build/stm32f4xx_it.o
                                0x5c2 (size before relaxing)
 .debug_str     0x0000202b       0x24 build/stm32f4xx_hal_msp.o
                                0x7ce (size before relaxing)
 .debug_str     0x0000204f      0x1f5 build/init.o
                                0x8f0 (size before relaxing)
 .debug_str     0x00002244      0x55e build/stm32f4xx_hal_can.o
                                0xa4e (size before relaxing)
 .debug_str     0x000027a2      0x219 build/stm32f4xx_hal_rcc.o
                                0x709 (size before relaxing)
 .debug_str     0x000029bb      0x107 build/stm32f4xx_hal_gpio.o
                                0x4e3 (size before relaxing)
 .debug_str     0x00002ac2      0x2dd build/stm32f4xx_hal_dma.o
                                0x779 (size before relaxing)
 .debug_str     0x00002d9f      0x4c5 build/stm32f4xx_hal_cortex.o
                                0xc2f (size before relaxing)
 .debug_str     0x00003264      0x29f build/stm32f4xx_hal.o
                                0xb5d (size before relaxing)
 .debug_str     0x00003503      0x87f build/stm32f4xx_hal_i2c.o
                               0x1033 (size before relaxing)
 .debug_str     0x00003d82      0x50b build/stm32f4xx_hal_spi.o
                                0xbfd (size before relaxing)
 .debug_str     0x0000428d      0xdfc build/stm32f4xx_hal_tim.o
                               0x16bc (size before relaxing)
 .debug_str     0x00005089      0x46f build/stm32f4xx_hal_tim_ex.o
                                0xebd (size before relaxing)
 .debug_str     0x000054f8       0x42 build/system_stm32f4xx.o
                                0x373 (size before relaxing)
 .debug_str     0x0000553a      0x14d build/list.o
                                0x305 (size before relaxing)
 .debug_str     0x00005687      0xa0a build/queue.o
                                0xd1b (size before relaxing)
 .debug_str     0x00006091      0xd11 build/tasks.o
                               0x1376 (size before relaxing)
 .debug_str     0x00006da2      0x5cf build/timers.o
                                0xc55 (size before relaxing)
 .debug_str     0x00007371      0xc10 build/cmsis_os2.o
                               0x213d (size before relaxing)
 .debug_str     0x00007f81      0x2bf build/heap_4.o
                                0x513 (size before relaxing)
 .debug_str     0x00008240      0x17d build/port.o
                                0x485 (size before relaxing)
 .debug_str     0x000083bd       0x24 build/startup_stm32f407xx.o
                                 0x6d (size before relaxing)

.comment        0x00000000       0x49
 .comment       0x00000000       0x49 build/main.o
                                 0x4a (size before relaxing)
 .comment       0x00000049       0x4a build/gpio.o
 .comment       0x00000049       0x4a build/freertos.o
 .comment       0x00000049       0x4a build/can.o
 .comment       0x00000049       0x4a build/dma.o
 .comment       0x00000049       0x4a build/i2c.o
 .comment       0x00000049       0x4a build/spi.o
 .comment       0x00000049       0x4a build/tim.o
 .comment       0x00000049       0x4a build/stm32f4xx_it.o
 .comment       0x00000049       0x4a build/stm32f4xx_hal_msp.o
 .comment       0x00000049       0x4a build/init.o
 .comment       0x00000049       0x4a build/stm32f4xx_hal_can.o
 .comment       0x00000049       0x4a build/stm32f4xx_hal_rcc.o
 .comment       0x00000049       0x4a build/stm32f4xx_hal_gpio.o
 .comment       0x00000049       0x4a build/stm32f4xx_hal_dma.o
 .comment       0x00000049       0x4a build/stm32f4xx_hal_cortex.o
 .comment       0x00000049       0x4a build/stm32f4xx_hal.o
 .comment       0x00000049       0x4a build/stm32f4xx_hal_i2c.o
 .comment       0x00000049       0x4a build/stm32f4xx_hal_spi.o
 .comment       0x00000049       0x4a build/stm32f4xx_hal_tim.o
 .comment       0x00000049       0x4a build/stm32f4xx_hal_tim_ex.o
 .comment       0x00000049       0x4a build/system_stm32f4xx.o
 .comment       0x00000049       0x4a build/list.o
 .comment       0x00000049       0x4a build/queue.o
 .comment       0x00000049       0x4a build/tasks.o
 .comment       0x00000049       0x4a build/timers.o
 .comment       0x00000049       0x4a build/cmsis_os2.o
 .comment       0x00000049       0x4a build/heap_4.o
 .comment       0x00000049       0x4a build/port.o

.debug_frame    0x00000000     0x47d8
 .debug_frame   0x00000000       0x58 build/main.o
 .debug_frame   0x00000058       0x3c build/gpio.o
 .debug_frame   0x00000094       0xa0 build/freertos.o
 .debug_frame   0x00000134       0x78 build/can.o
 .debug_frame   0x000001ac       0x30 build/dma.o
 .debug_frame   0x000001dc       0x6c build/i2c.o
 .debug_frame   0x00000248       0x6c build/spi.o
 .debug_frame   0x000002b4       0xf4 build/tim.o
 .debug_frame   0x000003a8      0x118 build/stm32f4xx_it.o
 .debug_frame   0x000004c0       0x2c build/stm32f4xx_hal_msp.o
 .debug_frame   0x000004ec       0x58 build/init.o
 .debug_frame   0x00000544      0x2d8 build/stm32f4xx_hal_can.o
 .debug_frame   0x0000081c      0x16c build/stm32f4xx_hal_rcc.o
 .debug_frame   0x00000988       0xd8 build/stm32f4xx_hal_gpio.o
 .debug_frame   0x00000a60      0x188 build/stm32f4xx_hal_dma.o
 .debug_frame   0x00000be8      0x148 build/stm32f4xx_hal_cortex.o
 .debug_frame   0x00000d30      0x1ec build/stm32f4xx_hal.o
 .debug_frame   0x00000f1c      0x970 build/stm32f4xx_hal_i2c.o
 .debug_frame   0x0000188c      0x5a4 build/stm32f4xx_hal_spi.o
 .debug_frame   0x00001e30      0xb0c build/stm32f4xx_hal_tim.o
 .debug_frame   0x0000293c      0x40c build/stm32f4xx_hal_tim_ex.o
 .debug_frame   0x00002d48       0x30 build/system_stm32f4xx.o
 .debug_frame   0x00002d78       0x70 build/list.o
 .debug_frame   0x00002de8      0x458 build/queue.o
 .debug_frame   0x00003240      0x6f0 build/tasks.o
 .debug_frame   0x00003930      0x30c build/timers.o
 .debug_frame   0x00003c3c      0x8e8 build/cmsis_os2.o
 .debug_frame   0x00004524       0xd0 build/heap_4.o
 .debug_frame   0x000045f4      0x110 build/port.o
 .debug_frame   0x00004704       0x2c c:/program files (x86)/gnu arm embedded toolchain/10 2021.10/bin/../lib/gcc/arm-none-eabi/10.3.1/../../../../arm-none-eabi/lib/thumb/v7e-m+fp/hard\libc_nano.a(lib_a-init.o)
 .debug_frame   0x00004730       0x28 c:/program files (x86)/gnu arm embedded toolchain/10 2021.10/bin/../lib/gcc/arm-none-eabi/10.3.1/../../../../arm-none-eabi/lib/thumb/v7e-m+fp/hard\libc_nano.a(lib_a-memcpy-stub.o)
 .debug_frame   0x00004758       0x20 c:/program files (x86)/gnu arm embedded toolchain/10 2021.10/bin/../lib/gcc/arm-none-eabi/10.3.1/../../../../arm-none-eabi/lib/thumb/v7e-m+fp/hard\libc_nano.a(lib_a-memset.o)
 .debug_frame   0x00004778       0x2c c:/program files (x86)/gnu arm embedded toolchain/10 2021.10/bin/../lib/gcc/arm-none-eabi/10.3.1/thumb/v7e-m+fp/hard\libgcc.a(_aeabi_uldivmod.o)
 .debug_frame   0x000047a4       0x34 c:/program files (x86)/gnu arm embedded toolchain/10 2021.10/bin/../lib/gcc/arm-none-eabi/10.3.1/thumb/v7e-m+fp/hard\libgcc.a(_udivmoddi4.o)

Cross Reference Table

Symbol                                            File
ADC_IRQHandler                                    build/startup_stm32f407xx.o
AHBPrescTable                                     build/system_stm32f4xx.o
                                                  build/stm32f4xx_hal_rcc.o
APBPrescTable                                     build/system_stm32f4xx.o
                                                  build/stm32f4xx_hal_rcc.o
BusFault_Handler                                  build/stm32f4xx_it.o
CAN1_RX0_IRQHandler                               build/stm32f4xx_it.o
CAN1_RX1_IRQHandler                               build/startup_stm32f407xx.o
CAN1_SCE_IRQHandler                               build/startup_stm32f407xx.o
CAN1_TX_IRQHandler                                build/startup_stm32f407xx.o
CAN2_RX0_IRQHandler                               build/stm32f4xx_it.o
CAN2_RX1_IRQHandler                               build/startup_stm32f407xx.o
CAN2_SCE_IRQHandler                               build/startup_stm32f407xx.o
CAN2_TX_IRQHandler                                build/startup_stm32f407xx.o
DCMI_IRQHandler                                   build/startup_stm32f407xx.o
DMA1_Stream0_IRQHandler                           build/startup_stm32f407xx.o
DMA1_Stream1_IRQHandler                           build/startup_stm32f407xx.o
DMA1_Stream2_IRQHandler                           build/startup_stm32f407xx.o
DMA1_Stream3_IRQHandler                           build/startup_stm32f407xx.o
DMA1_Stream4_IRQHandler                           build/startup_stm32f407xx.o
DMA1_Stream5_IRQHandler                           build/startup_stm32f407xx.o
DMA1_Stream6_IRQHandler                           build/startup_stm32f407xx.o
DMA1_Stream7_IRQHandler                           build/startup_stm32f407xx.o
DMA2_Stream0_IRQHandler                           build/startup_stm32f407xx.o
DMA2_Stream1_IRQHandler                           build/startup_stm32f407xx.o
DMA2_Stream2_IRQHandler                           build/startup_stm32f407xx.o
DMA2_Stream3_IRQHandler                           build/startup_stm32f407xx.o
DMA2_Stream4_IRQHandler                           build/startup_stm32f407xx.o
DMA2_Stream5_IRQHandler                           build/startup_stm32f407xx.o
DMA2_Stream6_IRQHandler                           build/startup_stm32f407xx.o
DMA2_Stream7_IRQHandler                           build/startup_stm32f407xx.o
DebugMon_Handler                                  build/stm32f4xx_it.o
Default_Handler                                   build/startup_stm32f407xx.o
ETH_IRQHandler                                    build/startup_stm32f407xx.o
ETH_WKUP_IRQHandler                               build/startup_stm32f407xx.o
EXTI0_IRQHandler                                  build/stm32f4xx_it.o
EXTI15_10_IRQHandler                              build/startup_stm32f407xx.o
EXTI1_IRQHandler                                  build/startup_stm32f407xx.o
EXTI2_IRQHandler                                  build/startup_stm32f407xx.o
EXTI3_IRQHandler                                  build/stm32f4xx_it.o
EXTI4_IRQHandler                                  build/stm32f4xx_it.o
EXTI9_5_IRQHandler                                build/stm32f4xx_it.o
Error_Handler                                     build/main.o
                                                  build/tim.o
                                                  build/spi.o
                                                  build/i2c.o
                                                  build/can.o
                                                  build/tim.o
                                                  build/spi.o
                                                  build/i2c.o
                                                  build/can.o
FLASH_Erase_Sector                                build/stm32f4xx_hal_flash_ex.o
                                                  build/stm32f4xx_hal_flash.o
FLASH_FlushCaches                                 build/stm32f4xx_hal_flash_ex.o
                                                  build/stm32f4xx_hal_flash.o
FLASH_IRQHandler                                  build/startup_stm32f407xx.o
FLASH_WaitForLastOperation                        build/stm32f4xx_hal_flash.o
                                                  build/stm32f4xx_hal_flash_ex.o
FPU_IRQHandler                                    build/startup_stm32f407xx.o
FSMC_IRQHandler                                   build/startup_stm32f407xx.o
HAL_CAN_AbortTxRequest                            build/stm32f4xx_hal_can.o
HAL_CAN_ActivateNotification                      build/stm32f4xx_hal_can.o
HAL_CAN_AddTxMessage                              build/stm32f4xx_hal_can.o
HAL_CAN_ConfigFilter                              build/stm32f4xx_hal_can.o
HAL_CAN_DeInit                                    build/stm32f4xx_hal_can.o
HAL_CAN_DeactivateNotification                    build/stm32f4xx_hal_can.o
HAL_CAN_ErrorCallback                             build/stm32f4xx_hal_can.o
HAL_CAN_GetError                                  build/stm32f4xx_hal_can.o
HAL_CAN_GetRxFifoFillLevel                        build/stm32f4xx_hal_can.o
HAL_CAN_GetRxMessage                              build/stm32f4xx_hal_can.o
HAL_CAN_GetState                                  build/stm32f4xx_hal_can.o
HAL_CAN_GetTxMailboxesFreeLevel                   build/stm32f4xx_hal_can.o
HAL_CAN_GetTxTimestamp                            build/stm32f4xx_hal_can.o
HAL_CAN_IRQHandler                                build/stm32f4xx_hal_can.o
                                                  build/stm32f4xx_it.o
                                                  build/stm32f4xx_it.o
HAL_CAN_Init                                      build/stm32f4xx_hal_can.o
                                                  build/can.o
                                                  build/can.o
HAL_CAN_IsSleepActive                             build/stm32f4xx_hal_can.o
HAL_CAN_IsTxMessagePending                        build/stm32f4xx_hal_can.o
HAL_CAN_MspDeInit                                 build/can.o
HAL_CAN_MspInit                                   build/can.o
HAL_CAN_RequestSleep                              build/stm32f4xx_hal_can.o
HAL_CAN_ResetError                                build/stm32f4xx_hal_can.o
HAL_CAN_RxFifo0FullCallback                       build/stm32f4xx_hal_can.o
HAL_CAN_RxFifo0MsgPendingCallback                 build/stm32f4xx_hal_can.o
HAL_CAN_RxFifo1FullCallback                       build/stm32f4xx_hal_can.o
HAL_CAN_RxFifo1MsgPendingCallback                 build/stm32f4xx_hal_can.o
HAL_CAN_SleepCallback                             build/stm32f4xx_hal_can.o
HAL_CAN_Start                                     build/stm32f4xx_hal_can.o
HAL_CAN_Stop                                      build/stm32f4xx_hal_can.o
HAL_CAN_TxMailbox0AbortCallback                   build/stm32f4xx_hal_can.o
HAL_CAN_TxMailbox0CompleteCallback                build/stm32f4xx_hal_can.o
HAL_CAN_TxMailbox1AbortCallback                   build/stm32f4xx_hal_can.o
HAL_CAN_TxMailbox1CompleteCallback                build/stm32f4xx_hal_can.o
HAL_CAN_TxMailbox2AbortCallback                   build/stm32f4xx_hal_can.o
HAL_CAN_TxMailbox2CompleteCallback                build/stm32f4xx_hal_can.o
HAL_CAN_WakeUp                                    build/stm32f4xx_hal_can.o
HAL_CAN_WakeUpFromRxMsgCallback                   build/stm32f4xx_hal_can.o
HAL_DBGMCU_DisableDBGSleepMode                    build/stm32f4xx_hal.o
HAL_DBGMCU_DisableDBGStandbyMode                  build/stm32f4xx_hal.o
HAL_DBGMCU_DisableDBGStopMode                     build/stm32f4xx_hal.o
HAL_DBGMCU_EnableDBGSleepMode                     build/stm32f4xx_hal.o
HAL_DBGMCU_EnableDBGStandbyMode                   build/stm32f4xx_hal.o
HAL_DBGMCU_EnableDBGStopMode                      build/stm32f4xx_hal.o
HAL_DMAEx_ChangeMemory                            build/stm32f4xx_hal_dma_ex.o
HAL_DMAEx_MultiBufferStart                        build/stm32f4xx_hal_dma_ex.o
HAL_DMAEx_MultiBufferStart_IT                     build/stm32f4xx_hal_dma_ex.o
HAL_DMA_Abort                                     build/stm32f4xx_hal_dma.o
                                                  build/stm32f4xx_hal_spi.o
HAL_DMA_Abort_IT                                  build/stm32f4xx_hal_dma.o
                                                  build/stm32f4xx_hal_tim_ex.o
                                                  build/stm32f4xx_hal_tim.o
                                                  build/stm32f4xx_hal_spi.o
                                                  build/stm32f4xx_hal_i2c.o
HAL_DMA_DeInit                                    build/stm32f4xx_hal_dma.o
                                                  build/spi.o
                                                  build/spi.o
HAL_DMA_GetError                                  build/stm32f4xx_hal_dma.o
                                                  build/stm32f4xx_hal_i2c.o
HAL_DMA_GetState                                  build/stm32f4xx_hal_dma.o
                                                  build/stm32f4xx_hal_i2c.o
HAL_DMA_IRQHandler                                build/stm32f4xx_hal_dma.o
HAL_DMA_Init                                      build/stm32f4xx_hal_dma.o
                                                  build/spi.o
                                                  build/spi.o
HAL_DMA_PollForTransfer                           build/stm32f4xx_hal_dma.o
HAL_DMA_RegisterCallback                          build/stm32f4xx_hal_dma.o
HAL_DMA_Start                                     build/stm32f4xx_hal_dma.o
HAL_DMA_Start_IT                                  build/stm32f4xx_hal_dma.o
                                                  build/stm32f4xx_hal_tim_ex.o
                                                  build/stm32f4xx_hal_tim.o
                                                  build/stm32f4xx_hal_spi.o
                                                  build/stm32f4xx_hal_i2c.o
HAL_DMA_UnRegisterCallback                        build/stm32f4xx_hal_dma.o
HAL_DeInit                                        build/stm32f4xx_hal.o
HAL_Delay                                         build/stm32f4xx_hal.o
HAL_DisableCompensationCell                       build/stm32f4xx_hal.o
HAL_EXTI_ClearConfigLine                          build/stm32f4xx_hal_exti.o
HAL_EXTI_ClearPending                             build/stm32f4xx_hal_exti.o
HAL_EXTI_GenerateSWI                              build/stm32f4xx_hal_exti.o
HAL_EXTI_GetConfigLine                            build/stm32f4xx_hal_exti.o
HAL_EXTI_GetHandle                                build/stm32f4xx_hal_exti.o
HAL_EXTI_GetPending                               build/stm32f4xx_hal_exti.o
HAL_EXTI_IRQHandler                               build/stm32f4xx_hal_exti.o
HAL_EXTI_RegisterCallback                         build/stm32f4xx_hal_exti.o
HAL_EXTI_SetConfigLine                            build/stm32f4xx_hal_exti.o
HAL_EnableCompensationCell                        build/stm32f4xx_hal.o
HAL_FLASHEx_Erase                                 build/stm32f4xx_hal_flash_ex.o
HAL_FLASHEx_Erase_IT                              build/stm32f4xx_hal_flash_ex.o
HAL_FLASHEx_OBGetConfig                           build/stm32f4xx_hal_flash_ex.o
HAL_FLASHEx_OBProgram                             build/stm32f4xx_hal_flash_ex.o
HAL_FLASH_EndOfOperationCallback                  build/stm32f4xx_hal_flash.o
HAL_FLASH_GetError                                build/stm32f4xx_hal_flash.o
HAL_FLASH_IRQHandler                              build/stm32f4xx_hal_flash.o
HAL_FLASH_Lock                                    build/stm32f4xx_hal_flash.o
HAL_FLASH_OB_Launch                               build/stm32f4xx_hal_flash.o
HAL_FLASH_OB_Lock                                 build/stm32f4xx_hal_flash.o
HAL_FLASH_OB_Unlock                               build/stm32f4xx_hal_flash.o
HAL_FLASH_OperationErrorCallback                  build/stm32f4xx_hal_flash.o
HAL_FLASH_Program                                 build/stm32f4xx_hal_flash.o
HAL_FLASH_Program_IT                              build/stm32f4xx_hal_flash.o
HAL_FLASH_Unlock                                  build/stm32f4xx_hal_flash.o
HAL_GPIO_DeInit                                   build/stm32f4xx_hal_gpio.o
                                                  build/spi.o
                                                  build/i2c.o
                                                  build/can.o
                                                  build/spi.o
                                                  build/i2c.o
                                                  build/can.o
HAL_GPIO_EXTI_Callback                            build/stm32f4xx_hal_gpio.o
HAL_GPIO_EXTI_IRQHandler                          build/stm32f4xx_hal_gpio.o
                                                  build/stm32f4xx_it.o
                                                  build/stm32f4xx_it.o
HAL_GPIO_Init                                     build/stm32f4xx_hal_gpio.o
                                                  build/stm32f4xx_hal_rcc.o
                                                  build/tim.o
                                                  build/spi.o
                                                  build/i2c.o
                                                  build/can.o
                                                  build/gpio.o
                                                  build/tim.o
                                                  build/spi.o
                                                  build/i2c.o
                                                  build/can.o
                                                  build/gpio.o
HAL_GPIO_LockPin                                  build/stm32f4xx_hal_gpio.o
HAL_GPIO_ReadPin                                  build/stm32f4xx_hal_gpio.o
HAL_GPIO_TogglePin                                build/stm32f4xx_hal_gpio.o
HAL_GPIO_WritePin                                 build/stm32f4xx_hal_gpio.o
                                                  build/gpio.o
                                                  build/gpio.o
HAL_GetDEVID                                      build/stm32f4xx_hal.o
HAL_GetHalVersion                                 build/stm32f4xx_hal.o
HAL_GetREVID                                      build/stm32f4xx_hal.o
HAL_GetTick                                       build/stm32f4xx_hal.o
                                                  build/stm32f4xx_hal_spi.o
                                                  build/stm32f4xx_hal_i2c.o
                                                  build/stm32f4xx_hal_pwr_ex.o
                                                  build/stm32f4xx_hal_dma.o
                                                  build/stm32f4xx_hal_flash.o
                                                  build/stm32f4xx_hal_rcc_ex.o
                                                  build/stm32f4xx_hal_rcc.o
                                                  build/stm32f4xx_hal_can.o
HAL_GetTickFreq                                   build/stm32f4xx_hal.o
HAL_GetTickPrio                                   build/stm32f4xx_hal.o
HAL_GetUIDw0                                      build/stm32f4xx_hal.o
HAL_GetUIDw1                                      build/stm32f4xx_hal.o
HAL_GetUIDw2                                      build/stm32f4xx_hal.o
HAL_I2C_AbortCpltCallback                         build/stm32f4xx_hal_i2c.o
HAL_I2C_AddrCallback                              build/stm32f4xx_hal_i2c.o
HAL_I2C_DeInit                                    build/stm32f4xx_hal_i2c.o
HAL_I2C_DisableListen_IT                          build/stm32f4xx_hal_i2c.o
HAL_I2C_ER_IRQHandler                             build/stm32f4xx_hal_i2c.o
HAL_I2C_EV_IRQHandler                             build/stm32f4xx_hal_i2c.o
HAL_I2C_EnableListen_IT                           build/stm32f4xx_hal_i2c.o
HAL_I2C_ErrorCallback                             build/stm32f4xx_hal_i2c.o
HAL_I2C_GetError                                  build/stm32f4xx_hal_i2c.o
HAL_I2C_GetMode                                   build/stm32f4xx_hal_i2c.o
HAL_I2C_GetState                                  build/stm32f4xx_hal_i2c.o
HAL_I2C_Init                                      build/stm32f4xx_hal_i2c.o
                                                  build/i2c.o
                                                  build/i2c.o
HAL_I2C_IsDeviceReady                             build/stm32f4xx_hal_i2c.o
HAL_I2C_ListenCpltCallback                        build/stm32f4xx_hal_i2c.o
HAL_I2C_MasterRxCpltCallback                      build/stm32f4xx_hal_i2c.o
HAL_I2C_MasterTxCpltCallback                      build/stm32f4xx_hal_i2c.o
HAL_I2C_Master_Abort_IT                           build/stm32f4xx_hal_i2c.o
HAL_I2C_Master_Receive                            build/stm32f4xx_hal_i2c.o
HAL_I2C_Master_Receive_DMA                        build/stm32f4xx_hal_i2c.o
HAL_I2C_Master_Receive_IT                         build/stm32f4xx_hal_i2c.o
HAL_I2C_Master_Seq_Receive_DMA                    build/stm32f4xx_hal_i2c.o
HAL_I2C_Master_Seq_Receive_IT                     build/stm32f4xx_hal_i2c.o
HAL_I2C_Master_Seq_Transmit_DMA                   build/stm32f4xx_hal_i2c.o
HAL_I2C_Master_Seq_Transmit_IT                    build/stm32f4xx_hal_i2c.o
HAL_I2C_Master_Transmit                           build/stm32f4xx_hal_i2c.o
HAL_I2C_Master_Transmit_DMA                       build/stm32f4xx_hal_i2c.o
HAL_I2C_Master_Transmit_IT                        build/stm32f4xx_hal_i2c.o
HAL_I2C_MemRxCpltCallback                         build/stm32f4xx_hal_i2c.o
HAL_I2C_MemTxCpltCallback                         build/stm32f4xx_hal_i2c.o
HAL_I2C_Mem_Read                                  build/stm32f4xx_hal_i2c.o
HAL_I2C_Mem_Read_DMA                              build/stm32f4xx_hal_i2c.o
HAL_I2C_Mem_Read_IT                               build/stm32f4xx_hal_i2c.o
HAL_I2C_Mem_Write                                 build/stm32f4xx_hal_i2c.o
HAL_I2C_Mem_Write_DMA                             build/stm32f4xx_hal_i2c.o
HAL_I2C_Mem_Write_IT                              build/stm32f4xx_hal_i2c.o
HAL_I2C_MspDeInit                                 build/i2c.o
HAL_I2C_MspInit                                   build/i2c.o
HAL_I2C_SlaveRxCpltCallback                       build/stm32f4xx_hal_i2c.o
HAL_I2C_SlaveTxCpltCallback                       build/stm32f4xx_hal_i2c.o
HAL_I2C_Slave_Receive                             build/stm32f4xx_hal_i2c.o
HAL_I2C_Slave_Receive_DMA                         build/stm32f4xx_hal_i2c.o
HAL_I2C_Slave_Receive_IT                          build/stm32f4xx_hal_i2c.o
HAL_I2C_Slave_Seq_Receive_DMA                     build/stm32f4xx_hal_i2c.o
HAL_I2C_Slave_Seq_Receive_IT                      build/stm32f4xx_hal_i2c.o
HAL_I2C_Slave_Seq_Transmit_DMA                    build/stm32f4xx_hal_i2c.o
HAL_I2C_Slave_Seq_Transmit_IT                     build/stm32f4xx_hal_i2c.o
HAL_I2C_Slave_Transmit                            build/stm32f4xx_hal_i2c.o
HAL_I2C_Slave_Transmit_DMA                        build/stm32f4xx_hal_i2c.o
HAL_I2C_Slave_Transmit_IT                         build/stm32f4xx_hal_i2c.o
HAL_IncTick                                       build/stm32f4xx_hal.o
                                                  build/stm32f4xx_it.o
                                                  build/stm32f4xx_it.o
HAL_Init                                          build/stm32f4xx_hal.o
                                                  build/main.o
                                                  build/main.o
HAL_InitTick                                      build/stm32f4xx_hal.o
                                                  build/stm32f4xx_hal_rcc_ex.o
                                                  build/stm32f4xx_hal_rcc.o
HAL_MPU_ConfigRegion                              build/stm32f4xx_hal_cortex.o
HAL_MPU_Disable                                   build/stm32f4xx_hal_cortex.o
HAL_MPU_Enable                                    build/stm32f4xx_hal_cortex.o
HAL_MspDeInit                                     build/stm32f4xx_hal.o
HAL_MspInit                                       build/stm32f4xx_hal_msp.o
HAL_NVIC_ClearPendingIRQ                          build/stm32f4xx_hal_cortex.o
HAL_NVIC_DisableIRQ                               build/stm32f4xx_hal_cortex.o
                                                  build/can.o
                                                  build/can.o
HAL_NVIC_EnableIRQ                                build/stm32f4xx_hal_cortex.o
                                                  build/dma.o
                                                  build/can.o
                                                  build/gpio.o
                                                  build/dma.o
                                                  build/can.o
                                                  build/gpio.o
HAL_NVIC_GetActive                                build/stm32f4xx_hal_cortex.o
HAL_NVIC_GetPendingIRQ                            build/stm32f4xx_hal_cortex.o
HAL_NVIC_GetPriority                              build/stm32f4xx_hal_cortex.o
HAL_NVIC_GetPriorityGrouping                      build/stm32f4xx_hal_cortex.o
HAL_NVIC_SetPendingIRQ                            build/stm32f4xx_hal_cortex.o
HAL_NVIC_SetPriority                              build/stm32f4xx_hal_cortex.o
                                                  build/stm32f4xx_hal.o
                                                  build/stm32f4xx_hal_msp.o
                                                  build/dma.o
                                                  build/can.o
                                                  build/gpio.o
                                                  build/stm32f4xx_hal_msp.o
                                                  build/dma.o
                                                  build/can.o
                                                  build/gpio.o
HAL_NVIC_SetPriorityGrouping                      build/stm32f4xx_hal_cortex.o
                                                  build/stm32f4xx_hal.o
HAL_NVIC_SystemReset                              build/stm32f4xx_hal_cortex.o
HAL_PWREx_ControlVoltageScaling                   build/stm32f4xx_hal_pwr_ex.o
HAL_PWREx_DisableBkUpReg                          build/stm32f4xx_hal_pwr_ex.o
HAL_PWREx_DisableFlashPowerDown                   build/stm32f4xx_hal_pwr_ex.o
HAL_PWREx_EnableBkUpReg                           build/stm32f4xx_hal_pwr_ex.o
HAL_PWREx_EnableFlashPowerDown                    build/stm32f4xx_hal_pwr_ex.o
HAL_PWREx_GetVoltageRange                         build/stm32f4xx_hal_pwr_ex.o
HAL_PWR_ConfigPVD                                 build/stm32f4xx_hal_pwr.o
HAL_PWR_DeInit                                    build/stm32f4xx_hal_pwr.o
HAL_PWR_DisableBkUpAccess                         build/stm32f4xx_hal_pwr.o
HAL_PWR_DisablePVD                                build/stm32f4xx_hal_pwr.o
HAL_PWR_DisableSEVOnPend                          build/stm32f4xx_hal_pwr.o
HAL_PWR_DisableSleepOnExit                        build/stm32f4xx_hal_pwr.o
HAL_PWR_DisableWakeUpPin                          build/stm32f4xx_hal_pwr.o
HAL_PWR_EnableBkUpAccess                          build/stm32f4xx_hal_pwr.o
HAL_PWR_EnablePVD                                 build/stm32f4xx_hal_pwr.o
HAL_PWR_EnableSEVOnPend                           build/stm32f4xx_hal_pwr.o
HAL_PWR_EnableSleepOnExit                         build/stm32f4xx_hal_pwr.o
HAL_PWR_EnableWakeUpPin                           build/stm32f4xx_hal_pwr.o
HAL_PWR_EnterSLEEPMode                            build/stm32f4xx_hal_pwr.o
HAL_PWR_EnterSTANDBYMode                          build/stm32f4xx_hal_pwr.o
HAL_PWR_EnterSTOPMode                             build/stm32f4xx_hal_pwr.o
HAL_PWR_PVDCallback                               build/stm32f4xx_hal_pwr.o
HAL_PWR_PVD_IRQHandler                            build/stm32f4xx_hal_pwr.o
HAL_RCCEx_DisablePLLI2S                           build/stm32f4xx_hal_rcc_ex.o
HAL_RCCEx_EnablePLLI2S                            build/stm32f4xx_hal_rcc_ex.o
HAL_RCCEx_GetPeriphCLKConfig                      build/stm32f4xx_hal_rcc_ex.o
HAL_RCCEx_GetPeriphCLKFreq                        build/stm32f4xx_hal_rcc_ex.o
HAL_RCCEx_PeriphCLKConfig                         build/stm32f4xx_hal_rcc_ex.o
HAL_RCC_CSSCallback                               build/stm32f4xx_hal_rcc.o
HAL_RCC_ClockConfig                               build/stm32f4xx_hal_rcc.o
                                                  build/main.o
                                                  build/main.o
HAL_RCC_DeInit                                    build/stm32f4xx_hal_rcc_ex.o